Archive member included because of file (symbol)

/usr/local/gcc-arm-none-eabi-4_9-2015q3/bin/../lib/gcc/arm-none-eabi/4.9.3/armv7e-m/libgcc.a(unwind-arm.o)
                              ./system/src/newlib/_cxx.o (__aeabi_unwind_cpp_pr1)
/usr/local/gcc-arm-none-eabi-4_9-2015q3/bin/../lib/gcc/arm-none-eabi/4.9.3/armv7e-m/libgcc.a(libunwind.o)
                              /usr/local/gcc-arm-none-eabi-4_9-2015q3/bin/../lib/gcc/arm-none-eabi/4.9.3/armv7e-m/libgcc.a(unwind-arm.o) (restore_core_regs)
/usr/local/gcc-arm-none-eabi-4_9-2015q3/bin/../lib/gcc/arm-none-eabi/4.9.3/armv7e-m/libgcc.a(pr-support.o)
                              /usr/local/gcc-arm-none-eabi-4_9-2015q3/bin/../lib/gcc/arm-none-eabi/4.9.3/armv7e-m/libgcc.a(unwind-arm.o) (__gnu_unwind_execute)
/usr/local/gcc-arm-none-eabi-4_9-2015q3/bin/../lib/gcc/arm-none-eabi/4.9.3/../../../../arm-none-eabi/lib/armv7e-m/libg_nano.a(lib_a-errno.o)
                              ./system/src/newlib/_sbrk.o (__errno)
/usr/local/gcc-arm-none-eabi-4_9-2015q3/bin/../lib/gcc/arm-none-eabi/4.9.3/../../../../arm-none-eabi/lib/armv7e-m/libg_nano.a(lib_a-impure.o)
                              /usr/local/gcc-arm-none-eabi-4_9-2015q3/bin/../lib/gcc/arm-none-eabi/4.9.3/../../../../arm-none-eabi/lib/armv7e-m/libg_nano.a(lib_a-errno.o) (_impure_ptr)
/usr/local/gcc-arm-none-eabi-4_9-2015q3/bin/../lib/gcc/arm-none-eabi/4.9.3/../../../../arm-none-eabi/lib/armv7e-m/libg_nano.a(lib_a-init.o)
                              ./system/src/cmsis/startup_stm32f410rx.o (__libc_init_array)
/usr/local/gcc-arm-none-eabi-4_9-2015q3/bin/../lib/gcc/arm-none-eabi/4.9.3/../../../../arm-none-eabi/lib/armv7e-m/libg_nano.a(lib_a-memcpy.o)
                              /usr/local/gcc-arm-none-eabi-4_9-2015q3/bin/../lib/gcc/arm-none-eabi/4.9.3/armv7e-m/libgcc.a(unwind-arm.o) (memcpy)
/usr/local/gcc-arm-none-eabi-4_9-2015q3/bin/../lib/gcc/arm-none-eabi/4.9.3/../../../../arm-none-eabi/lib/armv7e-m/libg_nano.a(lib_a-strlen.o)
                              ./system/src/diag/Trace.o (strlen)
/usr/local/gcc-arm-none-eabi-4_9-2015q3/bin/../lib/gcc/arm-none-eabi/4.9.3/../../../../arm-none-eabi/lib/armv7e-m/libg_nano.a(lib_a-vsnprintf.o)
                              ./system/src/diag/Trace.o (vsnprintf)
/usr/local/gcc-arm-none-eabi-4_9-2015q3/bin/../lib/gcc/arm-none-eabi/4.9.3/../../../../arm-none-eabi/lib/armv7e-m/libg_nano.a(lib_a-nano-svfprintf.o)
                              /usr/local/gcc-arm-none-eabi-4_9-2015q3/bin/../lib/gcc/arm-none-eabi/4.9.3/../../../../arm-none-eabi/lib/armv7e-m/libg_nano.a(lib_a-vsnprintf.o) (_svfprintf_r)
/usr/local/gcc-arm-none-eabi-4_9-2015q3/bin/../lib/gcc/arm-none-eabi/4.9.3/../../../../arm-none-eabi/lib/armv7e-m/libg_nano.a(lib_a-nano-vfprintf_i.o)
                              /usr/local/gcc-arm-none-eabi-4_9-2015q3/bin/../lib/gcc/arm-none-eabi/4.9.3/../../../../arm-none-eabi/lib/armv7e-m/libg_nano.a(lib_a-nano-svfprintf.o) (_printf_i)
/usr/local/gcc-arm-none-eabi-4_9-2015q3/bin/../lib/gcc/arm-none-eabi/4.9.3/../../../../arm-none-eabi/lib/armv7e-m/libg_nano.a(lib_a-memchr.o)
                              /usr/local/gcc-arm-none-eabi-4_9-2015q3/bin/../lib/gcc/arm-none-eabi/4.9.3/../../../../arm-none-eabi/lib/armv7e-m/libg_nano.a(lib_a-nano-svfprintf.o) (memchr)
/usr/local/gcc-arm-none-eabi-4_9-2015q3/bin/../lib/gcc/arm-none-eabi/4.9.3/../../../../arm-none-eabi/lib/armv7e-m/libg_nano.a(lib_a-memmove.o)
                              /usr/local/gcc-arm-none-eabi-4_9-2015q3/bin/../lib/gcc/arm-none-eabi/4.9.3/../../../../arm-none-eabi/lib/armv7e-m/libg_nano.a(lib_a-nano-svfprintf.o) (memmove)
/usr/local/gcc-arm-none-eabi-4_9-2015q3/bin/../lib/gcc/arm-none-eabi/4.9.3/../../../../arm-none-eabi/lib/armv7e-m/libg_nano.a(lib_a-nano-freer.o)
                              /usr/local/gcc-arm-none-eabi-4_9-2015q3/bin/../lib/gcc/arm-none-eabi/4.9.3/../../../../arm-none-eabi/lib/armv7e-m/libg_nano.a(lib_a-nano-svfprintf.o) (_free_r)
/usr/local/gcc-arm-none-eabi-4_9-2015q3/bin/../lib/gcc/arm-none-eabi/4.9.3/../../../../arm-none-eabi/lib/armv7e-m/libg_nano.a(lib_a-nano-mallocr.o)
                              /usr/local/gcc-arm-none-eabi-4_9-2015q3/bin/../lib/gcc/arm-none-eabi/4.9.3/../../../../arm-none-eabi/lib/armv7e-m/libg_nano.a(lib_a-nano-svfprintf.o) (_malloc_r)
/usr/local/gcc-arm-none-eabi-4_9-2015q3/bin/../lib/gcc/arm-none-eabi/4.9.3/../../../../arm-none-eabi/lib/armv7e-m/libg_nano.a(lib_a-nano-reallocr.o)
                              /usr/local/gcc-arm-none-eabi-4_9-2015q3/bin/../lib/gcc/arm-none-eabi/4.9.3/../../../../arm-none-eabi/lib/armv7e-m/libg_nano.a(lib_a-nano-svfprintf.o) (_realloc_r)
/usr/local/gcc-arm-none-eabi-4_9-2015q3/bin/../lib/gcc/arm-none-eabi/4.9.3/../../../../arm-none-eabi/lib/armv7e-m/libg_nano.a(lib_a-sbrkr.o)
                              /usr/local/gcc-arm-none-eabi-4_9-2015q3/bin/../lib/gcc/arm-none-eabi/4.9.3/../../../../arm-none-eabi/lib/armv7e-m/libg_nano.a(lib_a-nano-mallocr.o) (_sbrk_r)
[...]
Memory Configuration

Name             Origin             Length             Attributes
FLASH            0x08000000         0x00020000         xr
RAM              0x20000000         0x00008000         xrw
CCMRAM           0x10000000         0x00000000         xrw
FLASHB1          0x00000000         0x00000000         xr
EXTMEMB0         0x00000000         0x00000000         xr
EXTMEMB1         0x00000000         0x00000000         xr
EXTMEMB2         0x00000000         0x00000000         xr
EXTMEMB3         0x00000000         0x00000000         xr
*default*        0x00000000         0xffffffff

Linker script and memory map

LOAD ./system/src/stm32f4xx/stm32f4xx_hal.o
LOAD ./system/src/stm32f4xx/stm32f4xx_hal_adc.o
LOAD ./system/src/stm32f4xx/stm32f4xx_hal_adc_ex.o
LOAD ./system/src/stm32f4xx/stm32f4xx_hal_can.o
LOAD ./system/src/stm32f4xx/stm32f4xx_hal_cec.o
LOAD ./system/src/stm32f4xx/stm32f4xx_hal_cortex.o
LOAD ./system/src/stm32f4xx/stm32f4xx_hal_crc.o
LOAD ./system/src/stm32f4xx/stm32f4xx_hal_cryp.o
LOAD ./system/src/stm32f4xx/stm32f4xx_hal_cryp_ex.o
LOAD ./system/src/stm32f4xx/stm32f4xx_hal_dac.o
LOAD ./system/src/stm32f4xx/stm32f4xx_hal_dac_ex.o
LOAD ./system/src/stm32f4xx/stm32f4xx_hal_dcmi.o
LOAD ./system/src/stm32f4xx/stm32f4xx_hal_dcmi_ex.o
LOAD ./system/src/stm32f4xx/stm32f4xx_hal_dfsdm.o
LOAD ./system/src/stm32f4xx/stm32f4xx_hal_dma.o
LOAD ./system/src/stm32f4xx/stm32f4xx_hal_dma2d.o
LOAD ./system/src/stm32f4xx/stm32f4xx_hal_dma_ex.o
LOAD ./system/src/stm32f4xx/stm32f4xx_hal_dsi.o
LOAD ./system/src/stm32f4xx/stm32f4xx_hal_eth.o
LOAD ./system/src/stm32f4xx/stm32f4xx_hal_flash.o
LOAD ./system/src/stm32f4xx/stm32f4xx_hal_flash_ex.o
LOAD ./system/src/stm32f4xx/stm32f4xx_hal_flash_ramfunc.o
LOAD ./system/src/stm32f4xx/stm32f4xx_hal_fmpi2c.o
LOAD ./system/src/stm32f4xx/stm32f4xx_hal_fmpi2c_ex.o
LOAD ./system/src/stm32f4xx/stm32f4xx_hal_gpio.o
LOAD ./system/src/stm32f4xx/stm32f4xx_hal_hash.o
LOAD ./system/src/stm32f4xx/stm32f4xx_hal_hash_ex.o
LOAD ./system/src/stm32f4xx/stm32f4xx_hal_hcd.o
LOAD ./system/src/stm32f4xx/stm32f4xx_hal_i2c.o
LOAD ./system/src/stm32f4xx/stm32f4xx_hal_i2c_ex.o
LOAD ./system/src/stm32f4xx/stm32f4xx_hal_i2s.o
LOAD ./system/src/stm32f4xx/stm32f4xx_hal_i2s_ex.o
LOAD ./system/src/stm32f4xx/stm32f4xx_hal_irda.o
LOAD ./system/src/stm32f4xx/stm32f4xx_hal_iwdg.o
LOAD ./system/src/stm32f4xx/stm32f4xx_hal_lptim.o
LOAD ./system/src/stm32f4xx/stm32f4xx_hal_ltdc.o
LOAD ./system/src/stm32f4xx/stm32f4xx_hal_ltdc_ex.o
LOAD ./system/src/stm32f4xx/stm32f4xx_hal_nand.o
LOAD ./system/src/stm32f4xx/stm32f4xx_hal_nor.o
LOAD ./system/src/stm32f4xx/stm32f4xx_hal_pccard.o
LOAD ./system/src/stm32f4xx/stm32f4xx_hal_pcd.o
LOAD ./system/src/stm32f4xx/stm32f4xx_hal_pcd_ex.o
LOAD ./system/src/stm32f4xx/stm32f4xx_hal_pwr.o
LOAD ./system/src/stm32f4xx/stm32f4xx_hal_pwr_ex.o
LOAD ./system/src/stm32f4xx/stm32f4xx_hal_qspi.o
LOAD ./system/src/stm32f4xx/stm32f4xx_hal_rcc.o
LOAD ./system/src/stm32f4xx/stm32f4xx_hal_rcc_ex.o
LOAD ./system/src/stm32f4xx/stm32f4xx_hal_rng.o
LOAD ./system/src/stm32f4xx/stm32f4xx_hal_rtc.o
LOAD ./system/src/stm32f4xx/stm32f4xx_hal_rtc_ex.o
LOAD ./system/src/stm32f4xx/stm32f4xx_hal_sai.o
LOAD ./system/src/stm32f4xx/stm32f4xx_hal_sai_ex.o
LOAD ./system/src/stm32f4xx/stm32f4xx_hal_sd.o
LOAD ./system/src/stm32f4xx/stm32f4xx_hal_sdram.o
LOAD ./system/src/stm32f4xx/stm32f4xx_hal_smartcard.o
LOAD ./system/src/stm32f4xx/stm32f4xx_hal_spdifrx.o
LOAD ./system/src/stm32f4xx/stm32f4xx_hal_spi.o
LOAD ./system/src/stm32f4xx/stm32f4xx_hal_sram.o
LOAD ./system/src/stm32f4xx/stm32f4xx_hal_tim.o
LOAD ./system/src/stm32f4xx/stm32f4xx_hal_tim_ex.o
LOAD ./system/src/stm32f4xx/stm32f4xx_hal_uart.o
LOAD ./system/src/stm32f4xx/stm32f4xx_hal_usart.o
LOAD ./system/src/stm32f4xx/stm32f4xx_hal_wwdg.o
LOAD ./system/src/stm32f4xx/stm32f4xx_ll_fmc.o
LOAD ./system/src/stm32f4xx/stm32f4xx_ll_fsmc.o
LOAD ./system/src/stm32f4xx/stm32f4xx_ll_sdmmc.o
LOAD ./system/src/stm32f4xx/stm32f4xx_ll_usb.o
LOAD ./system/src/newlib/_cxx.o
LOAD ./system/src/newlib/_exit.o
LOAD ./system/src/newlib/_sbrk.o
LOAD ./system/src/newlib/_startup.o
LOAD ./system/src/newlib/_syscalls.o
LOAD ./system/src/newlib/assert.o
LOAD ./system/src/diag/Trace.o
LOAD ./system/src/diag/trace_impl.o
LOAD ./system/src/cortexm/_initialize_hardware.o
LOAD ./system/src/cortexm/_reset_hardware.o
LOAD ./system/src/cortexm/exception_handlers.o
LOAD ./system/src/cmsis/startup_stm32f410rx.o
LOAD ./system/src/cmsis/system_stm32f4xx.o
LOAD ./src/functions.o
LOAD ./src/main.o
LOAD ./src/stm32f4xx_it.o
LOAD ./src/stm32f4xx_nucleo.o
LOAD /usr/local/gcc-arm-none-eabi-4_9-2015q3/bin/../lib/gcc/arm-none-eabi/4.9.3/../../../../arm-none-eabi/lib/armv7e-m/libstdc++_nano.a
LOAD /usr/local/gcc-arm-none-eabi-4_9-2015q3/bin/../lib/gcc/arm-none-eabi/4.9.3/../../../../arm-none-eabi/lib/armv7e-m/libm.a
START GROUP
LOAD /usr/local/gcc-arm-none-eabi-4_9-2015q3/bin/../lib/gcc/arm-none-eabi/4.9.3/armv7e-m/libgcc.a
LOAD /usr/local/gcc-arm-none-eabi-4_9-2015q3/bin/../lib/gcc/arm-none-eabi/4.9.3/../../../../arm-none-eabi/lib/armv7e-m/libg_nano.a
LOAD /usr/local/gcc-arm-none-eabi-4_9-2015q3/bin/../lib/gcc/arm-none-eabi/4.9.3/../../../../arm-none-eabi/lib/armv7e-m/libc_nano.a
END GROUP
START GROUP
LOAD /usr/local/gcc-arm-none-eabi-4_9-2015q3/bin/../lib/gcc/arm-none-eabi/4.9.3/armv7e-m/libgcc.a
LOAD /usr/local/gcc-arm-none-eabi-4_9-2015q3/bin/../lib/gcc/arm-none-eabi/4.9.3/../../../../arm-none-eabi/lib/armv7e-m/libc_nano.a
END GROUP
                0x20008000                __stack = (ORIGIN (RAM) + 0x8000)
                0x20008000                _estack = __stack
                0x00000400                __Main_Stack_Size = 0x400
                0x00000400                PROVIDE (_Main_Stack_Size, __Main_Stack_Size)
                0x20007c00                __Main_Stack_Limit = (__stack - __Main_Stack_Size)
                0x20007c00                PROVIDE (_Main_Stack_Limit, __Main_Stack_Limit)
                0x00000100                _Minimum_Stack_Size = 0x100
                0x2000012c                PROVIDE (_Heap_Begin, _end_noinit)
                0x20007c00                PROVIDE (_Heap_Limit, (__stack - __Main_Stack_Size))

.isr_vector     0x08000000      0x40c
 FILL mask 0xff
                0x08000000                __vectors_start = ABSOLUTE (.)
                0x08000000                __vectors_start__ = ABSOLUTE (.)
 *(.isr_vector)
 .isr_vector    0x08000000      0x1c8 ./system/src/cmsis/startup_stm32f410rx.o
                0x08000000                g_pfnVectors
 *(.cfmconfig)
 *(.after_vectors .after_vectors.*)
 .after_vectors
                0x080001c8      0x114 ./system/src/newlib/_startup.o
                0x080001c8                _start
 .after_vectors
                0x080002dc      0x130 ./system/src/cortexm/exception_handlers.o
                0x080002dc                Reset_Handler
                0x080002fc                HardFault_Handler_C
                0x08000374                BusFault_Handler_C
                0x080003bc                UsageFault_Handler_C

.inits          0x0800040c       0x28
                0x0800040c                __data_regions_array_start = .
                0x0800040c        0x4 LONG 0x8001b20 LOADADDR (.data)
                0x08000410        0x4 LONG 0x20000000 ADDR (.data)
                0x08000414        0x4 LONG 0x20000078 (ADDR (.data) + SIZEOF (.data))
                0x08000418        0x4 LONG 0x8001b20 LOADADDR (.data_CCMRAM)
                0x0800041c        0x4 LONG 0x10000000 ADDR (.data_CCMRAM)
                0x08000420        0x4 LONG 0x10000000 (ADDR (.data_CCMRAM) + SIZEOF (.data_CCMRAM))
                0x08000424                __data_regions_array_end = .
                0x08000424                __bss_regions_array_start = .
                0x08000424        0x4 LONG 0x20000078 ADDR (.bss)
                0x08000428        0x4 LONG 0x2000012c (ADDR (.bss) + SIZEOF (.bss))
                0x0800042c        0x4 LONG 0x10000000 ADDR (.bss_CCMRAM)
                0x08000430        0x4 LONG 0x10000000 (ADDR (.bss_CCMRAM) + SIZEOF (.bss_CCMRAM))
                0x08000434                __bss_regions_array_end = .
 *(.init)
 *(.fini)
                0x08000434                . = ALIGN (0x4)
                0x08000434                PROVIDE (__preinit_array_start, .)
 *(.preinit_array_sysinit .preinit_array_sysinit.*)
 *(.preinit_array_platform .preinit_array_platform.*)
 *(.preinit_array .preinit_array.*)
                0x08000434                PROVIDE (__preinit_array_end, .)
                0x08000434                . = ALIGN (0x4)
                0x08000434                PROVIDE (__init_array_start, .)
 *(SORT(.init_array.*))
 *(.init_array)
                0x08000434                PROVIDE (__init_array_end, .)
                0x08000434                . = ALIGN (0x4)
                0x08000434                PROVIDE (__fini_array_start, .)
 *(SORT(.fini_array.*))
 *(.fini_array)
                0x08000434                PROVIDE (__fini_array_end, .)

.flashtext
 *(.flashtext .flashtext.*)

.text           0x08000434     0x16e9
 *(.text .text.*)
 .text.HAL_MspInit
                0x08000434        0x4 ./system/src/stm32f4xx/stm32f4xx_hal.o
                0x08000434                HAL_MspInit
 .text.HAL_InitTick
                0x08000438       0x2c ./system/src/stm32f4xx/stm32f4xx_hal.o
                0x08000438                HAL_InitTick
 .text.HAL_Init
                0x08000464       0x34 ./system/src/stm32f4xx/stm32f4xx_hal.o
                0x08000464                HAL_Init
 .text.HAL_IncTick
                0x08000498       0x10 ./system/src/stm32f4xx/stm32f4xx_hal.o
                0x08000498                HAL_IncTick
 .text.HAL_GetTick
                0x080004a8        0xc ./system/src/stm32f4xx/stm32f4xx_hal.o
                0x080004a8                HAL_GetTick
 .text.HAL_Delay
                0x080004b4       0x1c ./system/src/stm32f4xx/stm32f4xx_hal.o
                0x080004b4                HAL_Delay
 .text.HAL_NVIC_SetPriorityGrouping
                0x080004d0       0x24 ./system/src/stm32f4xx/stm32f4xx_hal_cortex.o
                0x080004d0                HAL_NVIC_SetPriorityGrouping
 .text.HAL_NVIC_SetPriority
                0x080004f4       0x64 ./system/src/stm32f4xx/stm32f4xx_hal_cortex.o
                0x080004f4                HAL_NVIC_SetPriority
 .text.HAL_SYSTICK_Config
                0x08000558       0x2c ./system/src/stm32f4xx/stm32f4xx_hal_cortex.o
                0x08000558                HAL_SYSTICK_Config
 .text.HAL_GPIO_Init
                0x08000584      0x198 ./system/src/stm32f4xx/stm32f4xx_hal_gpio.o
                0x08000584                HAL_GPIO_Init
 .text.HAL_GPIO_TogglePin
                0x0800071c        0x8 ./system/src/stm32f4xx/stm32f4xx_hal_gpio.o
                0x0800071c                HAL_GPIO_TogglePin
 .text.HAL_RCC_GetSysClockFreq
                0x08000724       0x94 ./system/src/stm32f4xx/stm32f4xx_hal_rcc.o
                0x08000724                HAL_RCC_GetSysClockFreq
 .text.HAL_RCC_ClockConfig
                0x080007b8      0x1b0 ./system/src/stm32f4xx/stm32f4xx_hal_rcc.o
                0x080007b8                HAL_RCC_ClockConfig
 .text.HAL_RCC_OscConfig
                0x08000968      0x380 ./system/src/stm32f4xx/stm32f4xx_hal_rcc_ex.o
                0x08000968                HAL_RCC_OscConfig
 .text._exit    0x08000ce8        0x4 ./system/src/newlib/_exit.o
                0x08000ce8                _exit
 .text._sbrk    0x08000cec       0x44 ./system/src/newlib/_sbrk.o
                0x08000cec                _sbrk
 .text.__initialize_args
                0x08000d30       0x10 ./system/src/newlib/_syscalls.o
                0x08000d30                __initialize_args
 .text.trace_printf
                0x08000d40       0x34 ./system/src/diag/Trace.o
                0x08000d40                trace_printf
 .text._trace_write_semihosting_debug
                0x08000d74       0x64 ./system/src/diag/trace_impl.o
 .text.trace_write
                0x08000dd8        0x8 ./system/src/diag/trace_impl.o
                0x08000dd8                trace_write
 .text.__initialize_hardware_early
                0x08000de0       0x18 ./system/src/cortexm/_initialize_hardware.o
                0x08000de0                __initialize_hardware_early
 .text.__initialize_hardware
                0x08000df8        0x8 ./system/src/cortexm/_initialize_hardware.o
                0x08000df8                __initialize_hardware
 .text.dumpExceptionStack
                0x08000e00       0xf0 ./system/src/cortexm/exception_handlers.o
                0x08000e00                dumpExceptionStack
 .text.isSemihosting
                0x08000ef0       0x20 ./system/src/cortexm/exception_handlers.o
                0x08000ef0                isSemihosting
 .text.Default_Handler
                0x08000f10        0x2 ./system/src/cmsis/startup_stm32f410rx.o
                0x08000f10                RTC_Alarm_IRQHandler
                0x08000f10                EXTI2_IRQHandler
                0x08000f10                FMPI2C1_EV_IRQHandler
                0x08000f10                TIM1_CC_IRQHandler
                0x08000f10                DMA2_Stream5_IRQHandler
                0x08000f10                DMA1_Stream5_IRQHandler
                0x08000f10                PVD_IRQHandler
                0x08000f10                TAMP_STAMP_IRQHandler
                0x08000f10                EXTI3_IRQHandler
                0x08000f10                EXTI0_IRQHandler
                0x08000f10                I2C2_EV_IRQHandler
                0x08000f10                DMA1_Stream2_IRQHandler
                0x08000f10                FPU_IRQHandler
                0x08000f10                DMA2_Stream2_IRQHandler
                0x08000f10                SPI1_IRQHandler
                0x08000f10                TIM6_DAC_IRQHandler
                0x08000f10                TIM1_BRK_TIM9_IRQHandler
                0x08000f10                DMA2_Stream3_IRQHandler
                0x08000f10                USART6_IRQHandler
                0x08000f10                DMA2_Stream0_IRQHandler
                0x08000f10                I2C1_EV_IRQHandler
                0x08000f10                DMA1_Stream6_IRQHandler
                0x08000f10                DMA1_Stream1_IRQHandler
                0x08000f10                RCC_IRQHandler
                0x08000f10                Default_Handler
                0x08000f10                EXTI15_10_IRQHandler
                0x08000f10                ADC_IRQHandler
                0x08000f10                DMA1_Stream7_IRQHandler
                0x08000f10                SPI5_IRQHandler
                0x08000f10                TIM5_IRQHandler
                0x08000f10                DMA2_Stream7_IRQHandler
                0x08000f10                EXTI9_5_IRQHandler
                0x08000f10                RTC_WKUP_IRQHandler
                0x08000f10                SPI2_IRQHandler
                0x08000f10                DMA1_Stream0_IRQHandler
                0x08000f10                FMPI2C1_ER_IRQHandler
                0x08000f10                EXTI4_IRQHandler
                0x08000f10                RNG_IRQHandler
                0x08000f10                TIM1_UP_IRQHandler
                0x08000f10                WWDG_IRQHandler
                0x08000f10                TIM1_TRG_COM_TIM11_IRQHandler
                0x08000f10                EXTI1_IRQHandler
                0x08000f10                USART2_IRQHandler
                0x08000f10                I2C2_ER_IRQHandler
                0x08000f10                DMA2_Stream1_IRQHandler
                0x08000f10                FLASH_IRQHandler
                0x08000f10                DMA2_Stream4_IRQHandler
                0x08000f10                USART1_IRQHandler
                0x08000f10                DMA1_Stream4_IRQHandler
                0x08000f10                I2C1_ER_IRQHandler
                0x08000f10                LPTIM1_IRQHandler
                0x08000f10                DMA2_Stream6_IRQHandler
                0x08000f10                DMA1_Stream3_IRQHandler
 *fill*         0x08000f12        0x2 
 .text.SystemInit
                0x08000f14       0x40 ./system/src/cmsis/system_stm32f4xx.o
                0x08000f14                SystemInit
 .text.SystemCoreClockUpdate
                0x08000f54       0xa0 ./system/src/cmsis/system_stm32f4xx.o
                0x08000f54                SystemCoreClockUpdate
 .text.SystemClock_Config
                0x08000ff4       0x7c ./src/functions.o
                0x08000ff4                SystemClock_Config
 .text.GPIO_Init
                0x08001070       0x48 ./src/functions.o
                0x08001070                GPIO_Init
 .text.main     0x080010b8       0x30 ./src/main.o
                0x080010b8                main
 .text.NMI_Handler
                0x080010e8        0x4 ./src/stm32f4xx_it.o
                0x080010e8                NMI_Handler
 .text.HardFault_Handler
                0x080010ec        0x4 ./src/stm32f4xx_it.o
                0x080010ec                HardFault_Handler
 .text.MemManage_Handler
                0x080010f0        0x4 ./src/stm32f4xx_it.o
                0x080010f0                MemManage_Handler
 .text.BusFault_Handler
                0x080010f4        0x4 ./src/stm32f4xx_it.o
                0x080010f4                BusFault_Handler
 .text.UsageFault_Handler
                0x080010f8        0x4 ./src/stm32f4xx_it.o
                0x080010f8                UsageFault_Handler
 .text.SVC_Handler
                0x080010fc        0x4 ./src/stm32f4xx_it.o
                0x080010fc                SVC_Handler
 .text.DebugMon_Handler
                0x08001100        0x4 ./src/stm32f4xx_it.o
                0x08001100                DebugMon_Handler
 .text.PendSV_Handler
                0x08001104        0x4 ./src/stm32f4xx_it.o
                0x08001104                PendSV_Handler
 .text.SysTick_Handler
                0x08001108        0x8 ./src/stm32f4xx_it.o
                0x08001108                SysTick_Handler
 .text.__errno  0x08001110        0xc /usr/local/gcc-arm-none-eabi-4_9-2015q3/bin/../lib/gcc/arm-none-eabi/4.9.3/../../../../arm-none-eabi/lib/armv7e-m/libg_nano.a(lib_a-errno.o)
                0x08001110                __errno
 .text.memcpy   0x0800111c       0x16 /usr/local/gcc-arm-none-eabi-4_9-2015q3/bin/../lib/gcc/arm-none-eabi/4.9.3/../../../../arm-none-eabi/lib/armv7e-m/libg_nano.a(lib_a-memcpy.o)
                0x0800111c                memcpy
 .text._vsnprintf_r
                0x08001132       0x52 /usr/local/gcc-arm-none-eabi-4_9-2015q3/bin/../lib/gcc/arm-none-eabi/4.9.3/../../../../arm-none-eabi/lib/armv7e-m/libg_nano.a(lib_a-vsnprintf.o)
                0x08001132                _vsnprintf_r
                0x08001132                _vsniprintf_r
 .text.vsnprintf
                0x08001184       0x20 /usr/local/gcc-arm-none-eabi-4_9-2015q3/bin/../lib/gcc/arm-none-eabi/4.9.3/../../../../arm-none-eabi/lib/armv7e-m/libg_nano.a(lib_a-vsnprintf.o)
                0x08001184                vsnprintf
                0x08001184                vsniprintf
 .text.__ssputs_r
                0x080011a4       0xb2 /usr/local/gcc-arm-none-eabi-4_9-2015q3/bin/../lib/gcc/arm-none-eabi/4.9.3/../../../../arm-none-eabi/lib/armv7e-m/libg_nano.a(lib_a-nano-svfprintf.o)
                0x080011a4                __ssputs_r
 *fill*         0x08001256        0x2 
 .text._svfprintf_r
                0x08001258      0x1e4 /usr/local/gcc-arm-none-eabi-4_9-2015q3/bin/../lib/gcc/arm-none-eabi/4.9.3/../../../../arm-none-eabi/lib/armv7e-m/libg_nano.a(lib_a-nano-svfprintf.o)
                0x08001258                _svfprintf_r
                0x08001258                _svfiprintf_r
 .text._printf_common
                0x0800143c       0xea /usr/local/gcc-arm-none-eabi-4_9-2015q3/bin/../lib/gcc/arm-none-eabi/4.9.3/../../../../arm-none-eabi/lib/armv7e-m/libg_nano.a(lib_a-nano-vfprintf_i.o)
                0x0800143c                _printf_common
 *fill*         0x08001526        0x2 
 .text._printf_i
                0x08001528      0x240 /usr/local/gcc-arm-none-eabi-4_9-2015q3/bin/../lib/gcc/arm-none-eabi/4.9.3/../../../../arm-none-eabi/lib/armv7e-m/libg_nano.a(lib_a-nano-vfprintf_i.o)
                0x08001528                _printf_i
 .text.memchr   0x08001768       0x1e /usr/local/gcc-arm-none-eabi-4_9-2015q3/bin/../lib/gcc/arm-none-eabi/4.9.3/../../../../arm-none-eabi/lib/armv7e-m/libg_nano.a(lib_a-memchr.o)
                0x08001768                memchr
 .text.memmove  0x08001786       0x36 /usr/local/gcc-arm-none-eabi-4_9-2015q3/bin/../lib/gcc/arm-none-eabi/4.9.3/../../../../arm-none-eabi/lib/armv7e-m/libg_nano.a(lib_a-memmove.o)
                0x08001786                memmove
 .text._free_r  0x080017bc       0x88 /usr/local/gcc-arm-none-eabi-4_9-2015q3/bin/../lib/gcc/arm-none-eabi/4.9.3/../../../../arm-none-eabi/lib/armv7e-m/libg_nano.a(lib_a-nano-freer.o)
                0x080017bc                _free_r
 .text._malloc_r
                0x08001844       0xac /usr/local/gcc-arm-none-eabi-4_9-2015q3/bin/../lib/gcc/arm-none-eabi/4.9.3/../../../../arm-none-eabi/lib/armv7e-m/libg_nano.a(lib_a-nano-mallocr.o)
                0x08001844                _malloc_r
 .text._realloc_r
                0x080018f0       0x4c /usr/local/gcc-arm-none-eabi-4_9-2015q3/bin/../lib/gcc/arm-none-eabi/4.9.3/../../../../arm-none-eabi/lib/armv7e-m/libg_nano.a(lib_a-nano-reallocr.o)
                0x080018f0                _realloc_r
 .text._sbrk_r  0x0800193c       0x20 /usr/local/gcc-arm-none-eabi-4_9-2015q3/bin/../lib/gcc/arm-none-eabi/4.9.3/../../../../arm-none-eabi/lib/armv7e-m/libg_nano.a(lib_a-sbrkr.o)
                0x0800193c                _sbrk_r
 .text._malloc_usable_size_r
                0x0800195c       0x14 /usr/local/gcc-arm-none-eabi-4_9-2015q3/bin/../lib/gcc/arm-none-eabi/4.9.3/../../../../arm-none-eabi/lib/armv7e-m/libg_nano.a(lib_a-nano-msizer.o)
                0x0800195c                _malloc_usable_size_r
 *(.rodata .rodata.* .constdata .constdata.*)
 .rodata.APBAHBPrescTable
                0x08001970       0x10 ./system/src/stm32f4xx/stm32f4xx_hal_rcc.o
                0x08001970                APBAHBPrescTable
 .rodata.str1.4
                0x08001980      0x146 ./system/src/cortexm/exception_handlers.o
 *fill*         0x08001ac6        0x2 
 .rodata.AHBPrescTable
                0x08001ac8       0x10 ./system/src/cmsis/system_stm32f4xx.o
                0x08001ac8                AHBPrescTable
 .rodata.str1.4
                0x08001ad8       0x10 ./src/main.o
                                  0xd (size before relaxing)
 .rodata.str1.1
                0x08001ae8        0x2 /usr/local/gcc-arm-none-eabi-4_9-2015q3/bin/../lib/gcc/arm-none-eabi/4.9.3/../../../../arm-none-eabi/lib/armv7e-m/libg_nano.a(lib_a-impure.o)
 .rodata.str1.1
                0x08001aea       0x11 /usr/local/gcc-arm-none-eabi-4_9-2015q3/bin/../lib/gcc/arm-none-eabi/4.9.3/../../../../arm-none-eabi/lib/armv7e-m/libg_nano.a(lib_a-nano-svfprintf.o)
 .rodata.str1.1
                0x08001afb       0x22 /usr/local/gcc-arm-none-eabi-4_9-2015q3/bin/../lib/gcc/arm-none-eabi/4.9.3/../../../../arm-none-eabi/lib/armv7e-m/libg_nano.a(lib_a-nano-vfprintf_i.o)
 *(vtable)
 *(.eh_frame*)
 *(.glue_7)
 .glue_7        0x00000000        0x0 linker stubs
 *(.glue_7t)
 .glue_7t       0x00000000        0x0 linker stubs

.vfp11_veneer   0x08001b20        0x0
 .vfp11_veneer  0x00000000        0x0 linker stubs

.v4_bx          0x08001b20        0x0
 .v4_bx         0x00000000        0x0 linker stubs

.iplt           0x08001b20        0x0
 .iplt          0x00000000        0x0 ./system/src/stm32f4xx/stm32f4xx_hal.o

.rel.dyn        0x08001b20        0x0
 .rel.iplt      0x00000000        0x0 ./system/src/stm32f4xx/stm32f4xx_hal.o

.ARM.extab
 *(.ARM.extab* .gnu.linkonce.armextab.*)
                0x08001b20                . = ALIGN (0x4)
                0x08001b20                __exidx_start = .

.ARM.exidx
 *(.ARM.exidx* .gnu.linkonce.armexidx.*)
                0x08001b20                __exidx_end = .
                0x08001b20                . = ALIGN (0x4)
                0x08001b20                _etext = .
                0x08001b20                __etext = .

.data_CCMRAM    0x10000000        0x0 load address 0x08001b20
 FILL mask 0xff
 *(.data.CCMRAM .data.CCMRAM.*)
                0x10000000                . = ALIGN (0x4)
                0x08001b20                _sidata = LOADADDR (.data)

.data           0x20000000       0x78 load address 0x08001b20
 FILL mask 0xff
                0x20000000                _sdata = .
                0x20000000                __data_start__ = .
 *(.data_begin .data_begin.*)
 .data_begin    0x20000000        0x4 ./system/src/newlib/_startup.o
 *(.data .data.*)
 .data.argv.4161
                0x20000004        0x8 ./system/src/newlib/_syscalls.o
 .data.SystemCoreClock
                0x2000000c        0x4 ./system/src/cmsis/system_stm32f4xx.o
                0x2000000c                SystemCoreClock
 .data.impure_data
                0x20000010       0x60 /usr/local/gcc-arm-none-eabi-4_9-2015q3/bin/../lib/gcc/arm-none-eabi/4.9.3/../../../../arm-none-eabi/lib/armv7e-m/libg_nano.a(lib_a-impure.o)
 .data._impure_ptr
                0x20000070        0x4 /usr/local/gcc-arm-none-eabi-4_9-2015q3/bin/../lib/gcc/arm-none-eabi/4.9.3/../../../../arm-none-eabi/lib/armv7e-m/libg_nano.a(lib_a-impure.o)
                0x20000070                _impure_ptr
 *(.data_end .data_end.*)
 .data_end      0x20000074        0x4 ./system/src/newlib/_startup.o
                0x20000078                . = ALIGN (0x4)
                0x20000078                _edata = .
                0x20000078                __data_end__ = .

.igot.plt       0x20000078        0x0 load address 0x08001b98
 .igot.plt      0x00000000        0x0 ./system/src/stm32f4xx/stm32f4xx_hal.o

.bss_CCMRAM     0x10000000        0x0
 *(.bss.CCMRAM .bss.CCMRAM.*)

.bss            0x20000078       0xb4
                0x20000078                __bss_start__ = .
                0x20000078                _sbss = .
 *(.bss_begin .bss_begin.*)
 .bss_begin     0x20000078        0x4 ./system/src/newlib/_startup.o
 *(.bss .bss.*)
 .bss.current_heap_end.3862
                0x2000007c        0x4 ./system/src/newlib/_sbrk.o
 .bss.name.4160
                0x20000080        0x1 ./system/src/newlib/_syscalls.o
 *fill*         0x20000081        0x3 
 .bss.buf.4998  0x20000084       0x80 ./system/src/diag/Trace.o
 .bss.GPIO_InitStruct
                0x20000104       0x14 ./src/functions.o
 .bss.__malloc_sbrk_start
                0x20000118        0x4 /usr/local/gcc-arm-none-eabi-4_9-2015q3/bin/../lib/gcc/arm-none-eabi/4.9.3/../../../../arm-none-eabi/lib/armv7e-m/libg_nano.a(lib_a-nano-mallocr.o)
                0x20000118                __malloc_sbrk_start
 .bss.__malloc_free_list
                0x2000011c        0x4 /usr/local/gcc-arm-none-eabi-4_9-2015q3/bin/../lib/gcc/arm-none-eabi/4.9.3/../../../../arm-none-eabi/lib/armv7e-m/libg_nano.a(lib_a-nano-mallocr.o)
                0x2000011c                __malloc_free_list
 *(COMMON)
 COMMON         0x20000120        0x4 ./system/src/stm32f4xx/stm32f4xx_hal.o
                0x20000120                uwTick
 COMMON         0x20000124        0x4 ./system/src/newlib/_syscalls.o
                0x20000124                errno
 *(.bss_end .bss_end.*)
 .bss_end       0x20000128        0x4 ./system/src/newlib/_startup.o
                0x2000012c                . = ALIGN (0x4)
                0x2000012c                __bss_end__ = .
                0x2000012c                _ebss = .

.noinit_CCMRAM
 *(.noinit.CCMRAM .noinit.CCMRAM.*)

.noinit         0x2000012c        0x0
                0x2000012c                _noinit = .
 *(.noinit .noinit.*)
                0x2000012c                . = ALIGN (0x4)
                0x2000012c                _end_noinit = .
                0x2000012c                PROVIDE (end, _end_noinit)
                0x2000012c                PROVIDE (_end, _end_noinit)
                0x2000012c                PROVIDE (__end, _end_noinit)
                0x2000012c                PROVIDE (__end__, _end_noinit)

._check_stack   0x2000012c      0x100
                0x2000022c                . = (. + _Minimum_Stack_Size)
 *fill*         0x2000012c      0x100 

.b1text
 *(.b1text)
 *(.b1rodata)
 *(.b1rodata.*)

.eb0text
 *(.eb0text)
 *(.eb0rodata)
 *(.eb0rodata.*)

.eb1text
 *(.eb1text)
 *(.eb1rodata)
 *(.eb1rodata.*)

.eb2text
 *(.eb2text)
 *(.eb2rodata)
 *(.eb2rodata.*)

.eb3text
 *(.eb3text)
 *(.eb3rodata)
 *(.eb3rodata.*)

.stab
 *(.stab)

.stabstr
 *(.stabstr)

.stab.excl
 *(.stab.excl)

.stab.exclstr
 *(.stab.exclstr)

.stab.index
 *(.stab.index)

.stab.indexstr
 *(.stab.indexstr)

.comment        0x00000000       0x70
 *(.comment)
 .comment       0x00000000       0x70 ./system/src/stm32f4xx/stm32f4xx_hal.o
                                 0x71 (size before relaxing)
 .comment       0x00000000       0x71 ./system/src/stm32f4xx/stm32f4xx_hal_cortex.o
 .comment       0x00000000       0x71 ./system/src/stm32f4xx/stm32f4xx_hal_gpio.o
 .comment       0x00000000       0x71 ./system/src/stm32f4xx/stm32f4xx_hal_rcc.o
 .comment       0x00000000       0x71 ./system/src/stm32f4xx/stm32f4xx_hal_rcc_ex.o
 .comment       0x00000000       0x71 ./system/src/newlib/_exit.o
 .comment       0x00000000       0x71 ./system/src/newlib/_sbrk.o
 .comment       0x00000000       0x71 ./system/src/newlib/_startup.o
 .comment       0x00000000       0x71 ./system/src/newlib/_syscalls.o
 .comment       0x00000000       0x71 ./system/src/diag/Trace.o
 .comment       0x00000000       0x71 ./system/src/diag/trace_impl.o
 .comment       0x00000000       0x71 ./system/src/cortexm/_initialize_hardware.o
 .comment       0x00000000       0x71 ./system/src/cortexm/exception_handlers.o
 .comment       0x00000000       0x71 ./system/src/cmsis/system_stm32f4xx.o
 .comment       0x00000000       0x71 ./src/functions.o
 .comment       0x00000000       0x71 ./src/main.o
 .comment       0x00000000       0x71 ./src/stm32f4xx_it.o

.ARM.attributes
                0x00000000       0x31
 .ARM.attributes
                0x00000000       0x33 ./system/src/stm32f4xx/stm32f4xx_hal.o
 .ARM.attributes
                0x00000033       0x33 ./system/src/stm32f4xx/stm32f4xx_hal_cortex.o
 .ARM.attributes
                0x00000066       0x33 ./system/src/stm32f4xx/stm32f4xx_hal_gpio.o
 .ARM.attributes
                0x00000099       0x33 ./system/src/stm32f4xx/stm32f4xx_hal_rcc.o
 .ARM.attributes
                0x000000cc       0x33 ./system/src/stm32f4xx/stm32f4xx_hal_rcc_ex.o
 .ARM.attributes
                0x000000ff       0x33 ./system/src/newlib/_exit.o
 .ARM.attributes
                0x00000132       0x33 ./system/src/newlib/_sbrk.o
 .ARM.attributes
                0x00000165       0x33 ./system/src/newlib/_startup.o
 .ARM.attributes
                0x00000198       0x33 ./system/src/newlib/_syscalls.o
 .ARM.attributes
                0x000001cb       0x33 ./system/src/diag/Trace.o
 .ARM.attributes
                0x000001fe       0x33 ./system/src/diag/trace_impl.o
 .ARM.attributes
                0x00000231       0x33 ./system/src/cortexm/_initialize_hardware.o
 .ARM.attributes
                0x00000264       0x33 ./system/src/cortexm/exception_handlers.o
 .ARM.attributes
                0x00000297       0x21 ./system/src/cmsis/startup_stm32f410rx.o
 .ARM.attributes
                0x000002b8       0x33 ./system/src/cmsis/system_stm32f4xx.o
 .ARM.attributes
                0x000002eb       0x33 ./src/functions.o
 .ARM.attributes
                0x0000031e       0x33 ./src/main.o
 .ARM.attributes
                0x00000351       0x33 ./src/stm32f4xx_it.o
 .ARM.attributes
                0x00000384       0x2e /usr/local/gcc-arm-none-eabi-4_9-2015q3/bin/../lib/gcc/arm-none-eabi/4.9.3/../../../../arm-none-eabi/lib/armv7e-m/libg_nano.a(lib_a-errno.o)
 .ARM.attributes
                0x000003b2       0x2e /usr/local/gcc-arm-none-eabi-4_9-2015q3/bin/../lib/gcc/arm-none-eabi/4.9.3/../../../../arm-none-eabi/lib/armv7e-m/libg_nano.a(lib_a-impure.o)
 .ARM.attributes
                0x000003e0       0x2e /usr/local/gcc-arm-none-eabi-4_9-2015q3/bin/../lib/gcc/arm-none-eabi/4.9.3/../../../../arm-none-eabi/lib/armv7e-m/libg_nano.a(lib_a-memcpy.o)
 .ARM.attributes
                0x0000040e       0x2e /usr/local/gcc-arm-none-eabi-4_9-2015q3/bin/../lib/gcc/arm-none-eabi/4.9.3/../../../../arm-none-eabi/lib/armv7e-m/libg_nano.a(lib_a-vsnprintf.o)
 .ARM.attributes
                0x0000043c       0x2e /usr/local/gcc-arm-none-eabi-4_9-2015q3/bin/../lib/gcc/arm-none-eabi/4.9.3/../../../../arm-none-eabi/lib/armv7e-m/libg_nano.a(lib_a-nano-svfprintf.o)
 .ARM.attributes
                0x0000046a       0x2e /usr/local/gcc-arm-none-eabi-4_9-2015q3/bin/../lib/gcc/arm-none-eabi/4.9.3/../../../../arm-none-eabi/lib/armv7e-m/libg_nano.a(lib_a-nano-vfprintf_i.o)
 .ARM.attributes
                0x00000498       0x2e /usr/local/gcc-arm-none-eabi-4_9-2015q3/bin/../lib/gcc/arm-none-eabi/4.9.3/../../../../arm-none-eabi/lib/armv7e-m/libg_nano.a(lib_a-memchr.o)
 .ARM.attributes
                0x000004c6       0x2e /usr/local/gcc-arm-none-eabi-4_9-2015q3/bin/../lib/gcc/arm-none-eabi/4.9.3/../../../../arm-none-eabi/lib/armv7e-m/libg_nano.a(lib_a-memmove.o)
 .ARM.attributes
                0x000004f4       0x2e /usr/local/gcc-arm-none-eabi-4_9-2015q3/bin/../lib/gcc/arm-none-eabi/4.9.3/../../../../arm-none-eabi/lib/armv7e-m/libg_nano.a(lib_a-nano-freer.o)
 .ARM.attributes
                0x00000522       0x2e /usr/local/gcc-arm-none-eabi-4_9-2015q3/bin/../lib/gcc/arm-none-eabi/4.9.3/../../../../arm-none-eabi/lib/armv7e-m/libg_nano.a(lib_a-nano-mallocr.o)
 .ARM.attributes
                0x00000550       0x2e /usr/local/gcc-arm-none-eabi-4_9-2015q3/bin/../lib/gcc/arm-none-eabi/4.9.3/../../../../arm-none-eabi/lib/armv7e-m/libg_nano.a(lib_a-nano-reallocr.o)
 .ARM.attributes
                0x0000057e       0x2e /usr/local/gcc-arm-none-eabi-4_9-2015q3/bin/../lib/gcc/arm-none-eabi/4.9.3/../../../../arm-none-eabi/lib/armv7e-m/libg_nano.a(lib_a-sbrkr.o)
 .ARM.attributes
                0x000005ac       0x2e /usr/local/gcc-arm-none-eabi-4_9-2015q3/bin/../lib/gcc/arm-none-eabi/4.9.3/../../../../arm-none-eabi/lib/armv7e-m/libg_nano.a(lib_a-nano-msizer.o)

.debug
 *(.debug)

.line
 *(.line)

.debug_srcinfo
 *(.debug_srcinfo)

.debug_sfnames
 *(.debug_sfnames)

.debug_aranges  0x00000000      0x550
 *(.debug_aranges)
 .debug_aranges
                0x00000000       0xc0 ./system/src/stm32f4xx/stm32f4xx_hal.o
 .debug_aranges
                0x000000c0       0x98 ./system/src/stm32f4xx/stm32f4xx_hal_cortex.o
 .debug_aranges
                0x00000158       0x58 ./system/src/stm32f4xx/stm32f4xx_hal_gpio.o
 .debug_aranges
                0x000001b0       0x88 ./system/src/stm32f4xx/stm32f4xx_hal_rcc.o
 .debug_aranges
                0x00000238       0x48 ./system/src/stm32f4xx/stm32f4xx_hal_rcc_ex.o
 .debug_aranges
                0x00000280       0x28 ./system/src/newlib/_exit.o
 .debug_aranges
                0x000002a8       0x20 ./system/src/newlib/_sbrk.o
 .debug_aranges
                0x000002c8       0x40 ./system/src/newlib/_startup.o
 .debug_aranges
                0x00000308       0x30 ./system/src/newlib/_syscalls.o
 .debug_aranges
                0x00000338       0x38 ./system/src/diag/Trace.o
 .debug_aranges
                0x00000370       0x30 ./system/src/diag/trace_impl.o
 .debug_aranges
                0x000003a0       0x28 ./system/src/cortexm/_initialize_hardware.o
 .debug_aranges
                0x000003c8       0x90 ./system/src/cortexm/exception_handlers.o
 .debug_aranges
                0x00000458       0x28 ./system/src/cmsis/startup_stm32f410rx.o
 .debug_aranges
                0x00000480       0x28 ./system/src/cmsis/system_stm32f4xx.o
 .debug_aranges
                0x000004a8       0x28 ./src/functions.o
 .debug_aranges
                0x000004d0       0x20 ./src/main.o
 .debug_aranges
                0x000004f0       0x60 ./src/stm32f4xx_it.o

.debug_pubnames
 *(.debug_pubnames)

.debug_info     0x00000000     0x5c3c
 *(.debug_info .gnu.linkonce.wi.*)
 .debug_info    0x00000000      0x845 ./system/src/stm32f4xx/stm32f4xx_hal.o
 .debug_info    0x00000845      0xdcd ./system/src/stm32f4xx/stm32f4xx_hal_cortex.o
 .debug_info    0x00001612      0x702 ./system/src/stm32f4xx/stm32f4xx_hal_gpio.o
 .debug_info    0x00001d14      0xcd3 ./system/src/stm32f4xx/stm32f4xx_hal_rcc.o
 .debug_info    0x000029e7      0x8bb ./system/src/stm32f4xx/stm32f4xx_hal_rcc_ex.o
 .debug_info    0x000032a2      0x100 ./system/src/newlib/_exit.o
 .debug_info    0x000033a2      0x125 ./system/src/newlib/_sbrk.o
 .debug_info    0x000034c7      0x474 ./system/src/newlib/_startup.o
 .debug_info    0x0000393b      0x1bc ./system/src/newlib/_syscalls.o
 .debug_info    0x00003af7      0x32b ./system/src/diag/Trace.o
 .debug_info    0x00003e22      0x304 ./system/src/diag/trace_impl.o
 .debug_info    0x00004126      0x294 ./system/src/cortexm/_initialize_hardware.o
 .debug_info    0x000043ba      0x8f2 ./system/src/cortexm/exception_handlers.o
 .debug_info    0x00004cac       0x7d ./system/src/cmsis/startup_stm32f410rx.o
 .debug_info    0x00004d29      0x46a ./system/src/cmsis/system_stm32f4xx.o
 .debug_info    0x00005193      0x624 ./src/functions.o
 .debug_info    0x000057b7      0x2d0 ./src/main.o
 .debug_info    0x00005a87      0x1b5 ./src/stm32f4xx_it.o

.debug_abbrev   0x00000000     0x1c08
 *(.debug_abbrev)
 .debug_abbrev  0x00000000      0x286 ./system/src/stm32f4xx/stm32f4xx_hal.o
 .debug_abbrev  0x00000286      0x2cf ./system/src/stm32f4xx/stm32f4xx_hal_cortex.o
 .debug_abbrev  0x00000555      0x1cb ./system/src/stm32f4xx/stm32f4xx_hal_gpio.o
 .debug_abbrev  0x00000720      0x30b ./system/src/stm32f4xx/stm32f4xx_hal_rcc.o
 .debug_abbrev  0x00000a2b      0x236 ./system/src/stm32f4xx/stm32f4xx_hal_rcc_ex.o
 .debug_abbrev  0x00000c61       0xa4 ./system/src/newlib/_exit.o
 .debug_abbrev  0x00000d05       0xbb ./system/src/newlib/_sbrk.o
 .debug_abbrev  0x00000dc0      0x1e9 ./system/src/newlib/_startup.o
 .debug_abbrev  0x00000fa9       0xee ./system/src/newlib/_syscalls.o
 .debug_abbrev  0x00001097      0x178 ./system/src/diag/Trace.o
 .debug_abbrev  0x0000120f      0x1bd ./system/src/diag/trace_impl.o
 .debug_abbrev  0x000013cc       0xea ./system/src/cortexm/_initialize_hardware.o
 .debug_abbrev  0x000014b6      0x23e ./system/src/cortexm/exception_handlers.o
 .debug_abbrev  0x000016f4       0x12 ./system/src/cmsis/startup_stm32f410rx.o
 .debug_abbrev  0x00001706      0x104 ./system/src/cmsis/system_stm32f4xx.o
 .debug_abbrev  0x0000180a      0x178 ./src/functions.o
 .debug_abbrev  0x00001982      0x1ae ./src/main.o
 .debug_abbrev  0x00001b30       0xd8 ./src/stm32f4xx_it.o

.debug_line     0x00000000     0x51a5
 *(.debug_line)
 .debug_line    0x00000000      0x71e ./system/src/stm32f4xx/stm32f4xx_hal.o
 .debug_line    0x0000071e      0x75b ./system/src/stm32f4xx/stm32f4xx_hal_cortex.o
 .debug_line    0x00000e79      0x6d8 ./system/src/stm32f4xx/stm32f4xx_hal_gpio.o
 .debug_line    0x00001551      0x883 ./system/src/stm32f4xx/stm32f4xx_hal_rcc.o
 .debug_line    0x00001dd4      0x7b2 ./system/src/stm32f4xx/stm32f4xx_hal_rcc_ex.o
 .debug_line    0x00002586      0x28a ./system/src/newlib/_exit.o
 .debug_line    0x00002810      0x238 ./system/src/newlib/_sbrk.o
 .debug_line    0x00002a48      0x2f6 ./system/src/newlib/_startup.o
 .debug_line    0x00002d3e      0x355 ./system/src/newlib/_syscalls.o
 .debug_line    0x00003093      0x2e5 ./system/src/diag/Trace.o
 .debug_line    0x00003378      0x392 ./system/src/diag/trace_impl.o
 .debug_line    0x0000370a      0x188 ./system/src/cortexm/_initialize_hardware.o
 .debug_line    0x00003892      0x44c ./system/src/cortexm/exception_handlers.o
 .debug_line    0x00003cde       0x88 ./system/src/cmsis/startup_stm32f410rx.o
 .debug_line    0x00003d66      0x188 ./system/src/cmsis/system_stm32f4xx.o
 .debug_line    0x00003eee      0x61b ./src/functions.o
 .debug_line    0x00004509      0x600 ./src/main.o
 .debug_line    0x00004b09      0x69c ./src/stm32f4xx_it.o

.debug_frame    0x00000000      0xd08
 *(.debug_frame)
 .debug_frame   0x00000000      0x188 ./system/src/stm32f4xx/stm32f4xx_hal.o
 .debug_frame   0x00000188      0x138 ./system/src/stm32f4xx/stm32f4xx_hal_cortex.o
 .debug_frame   0x000002c0       0xc8 ./system/src/stm32f4xx/stm32f4xx_hal_gpio.o
 .debug_frame   0x00000388      0x13c ./system/src/stm32f4xx/stm32f4xx_hal_rcc.o
 .debug_frame   0x000004c4       0x94 ./system/src/stm32f4xx/stm32f4xx_hal_rcc_ex.o
 .debug_frame   0x00000558       0x38 ./system/src/newlib/_exit.o
 .debug_frame   0x00000590       0x28 ./system/src/newlib/_sbrk.o
 .debug_frame   0x000005b8       0x7c ./system/src/newlib/_startup.o
 .debug_frame   0x00000634       0x50 ./system/src/newlib/_syscalls.o
 .debug_frame   0x00000684       0x94 ./system/src/diag/Trace.o
 .debug_frame   0x00000718       0x60 ./system/src/diag/trace_impl.o
 .debug_frame   0x00000778       0x40 ./system/src/cortexm/_initialize_hardware.o
 .debug_frame   0x000007b8      0x158 ./system/src/cortexm/exception_handlers.o
 .debug_frame   0x00000910       0x30 ./system/src/cmsis/system_stm32f4xx.o
 .debug_frame   0x00000940       0x4c ./src/functions.o
 .debug_frame   0x0000098c       0x28 ./src/main.o
 .debug_frame   0x000009b4       0xa8 ./src/stm32f4xx_it.o
 .debug_frame   0x00000a5c       0x20 /usr/local/gcc-arm-none-eabi-4_9-2015q3/bin/../lib/gcc/arm-none-eabi/4.9.3/../../../../arm-none-eabi/lib/armv7e-m/libg_nano.a(lib_a-errno.o)
 .debug_frame   0x00000a7c       0x28 /usr/local/gcc-arm-none-eabi-4_9-2015q3/bin/../lib/gcc/arm-none-eabi/4.9.3/../../../../arm-none-eabi/lib/armv7e-m/libg_nano.a(lib_a-memcpy.o)
 .debug_frame   0x00000aa4       0x50 /usr/local/gcc-arm-none-eabi-4_9-2015q3/bin/../lib/gcc/arm-none-eabi/4.9.3/../../../../arm-none-eabi/lib/armv7e-m/libg_nano.a(lib_a-vsnprintf.o)
 .debug_frame   0x00000af4       0x8c /usr/local/gcc-arm-none-eabi-4_9-2015q3/bin/../lib/gcc/arm-none-eabi/4.9.3/../../../../arm-none-eabi/lib/armv7e-m/libg_nano.a(lib_a-nano-svfprintf.o)
 .debug_frame   0x00000b80       0x58 /usr/local/gcc-arm-none-eabi-4_9-2015q3/bin/../lib/gcc/arm-none-eabi/4.9.3/../../../../arm-none-eabi/lib/armv7e-m/libg_nano.a(lib_a-nano-vfprintf_i.o)
 .debug_frame   0x00000bd8       0x28 /usr/local/gcc-arm-none-eabi-4_9-2015q3/bin/../lib/gcc/arm-none-eabi/4.9.3/../../../../arm-none-eabi/lib/armv7e-m/libg_nano.a(lib_a-memchr.o)
 .debug_frame   0x00000c00       0x28 /usr/local/gcc-arm-none-eabi-4_9-2015q3/bin/../lib/gcc/arm-none-eabi/4.9.3/../../../../arm-none-eabi/lib/armv7e-m/libg_nano.a(lib_a-memmove.o)
 .debug_frame   0x00000c28       0x2c /usr/local/gcc-arm-none-eabi-4_9-2015q3/bin/../lib/gcc/arm-none-eabi/4.9.3/../../../../arm-none-eabi/lib/armv7e-m/libg_nano.a(lib_a-nano-freer.o)
 .debug_frame   0x00000c54       0x2c /usr/local/gcc-arm-none-eabi-4_9-2015q3/bin/../lib/gcc/arm-none-eabi/4.9.3/../../../../arm-none-eabi/lib/armv7e-m/libg_nano.a(lib_a-nano-mallocr.o)
 .debug_frame   0x00000c80       0x3c /usr/local/gcc-arm-none-eabi-4_9-2015q3/bin/../lib/gcc/arm-none-eabi/4.9.3/../../../../arm-none-eabi/lib/armv7e-m/libg_nano.a(lib_a-nano-reallocr.o)
 .debug_frame   0x00000cbc       0x2c /usr/local/gcc-arm-none-eabi-4_9-2015q3/bin/../lib/gcc/arm-none-eabi/4.9.3/../../../../arm-none-eabi/lib/armv7e-m/libg_nano.a(lib_a-sbrkr.o)
 .debug_frame   0x00000ce8       0x20 /usr/local/gcc-arm-none-eabi-4_9-2015q3/bin/../lib/gcc/arm-none-eabi/4.9.3/../../../../arm-none-eabi/lib/armv7e-m/libg_nano.a(lib_a-nano-msizer.o)

.debug_str      0x00000000    0x56967
 *(.debug_str)
 .debug_str     0x00000000    0x521cb ./system/src/stm32f4xx/stm32f4xx_hal.o
                              0x525dd (size before relaxing)
 .debug_str     0x000521cb      0x37c ./system/src/stm32f4xx/stm32f4xx_hal_cortex.o
                              0x5244f (size before relaxing)
 .debug_str     0x00052547      0x2e6 ./system/src/stm32f4xx/stm32f4xx_hal_gpio.o
                              0x51fdf (size before relaxing)
 .debug_str     0x0005282d      0x396 ./system/src/stm32f4xx/stm32f4xx_hal_rcc.o
                              0x5217c (size before relaxing)
 .debug_str     0x00052bc3      0x12a ./system/src/stm32f4xx/stm32f4xx_hal_rcc_ex.o
                              0x51f35 (size before relaxing)
 .debug_str     0x00052ced     0x1090 ./system/src/newlib/_exit.o
                               0x5fd9 (size before relaxing)
 .debug_str     0x00053d7d      0x4de ./system/src/newlib/_sbrk.o
                               0x53ea (size before relaxing)
 .debug_str     0x0005425b      0x266 ./system/src/newlib/_startup.o
                               0x4fc2 (size before relaxing)
 .debug_str     0x000544c1     0x11be ./system/src/newlib/_syscalls.o
                               0x65ea (size before relaxing)
 .debug_str     0x0005567f      0x191 ./system/src/diag/Trace.o
                               0x68fa (size before relaxing)
 .debug_str     0x00055810      0x364 ./system/src/diag/trace_impl.o
                              0x1cf88 (size before relaxing)
 .debug_str     0x00055b74       0x5e ./system/src/cortexm/_initialize_hardware.o
                              0x19fc5 (size before relaxing)
 .debug_str     0x00055bd2      0x19d ./system/src/cortexm/exception_handlers.o
                              0x1dd26 (size before relaxing)
 .debug_str     0x00055d6f       0x65 ./system/src/cmsis/system_stm32f4xx.o
                              0x1a0d3 (size before relaxing)
 .debug_str     0x00055dd4      0xb5d ./src/functions.o
                              0x53971 (size before relaxing)
 .debug_str     0x00056931        0xe ./src/main.o
                              0x53761 (size before relaxing)
 .debug_str     0x0005693f       0x28 ./src/stm32f4xx_it.o
                              0x53744 (size before relaxing)

.debug_loc      0x00000000     0x1d78
 *(.debug_loc)
 .debug_loc     0x00000000       0x90 ./system/src/stm32f4xx/stm32f4xx_hal.o
 .debug_loc     0x00000090      0x4cd ./system/src/stm32f4xx/stm32f4xx_hal_cortex.o
 .debug_loc     0x0000055d      0x383 ./system/src/stm32f4xx/stm32f4xx_hal_gpio.o
 .debug_loc     0x000008e0      0x6c1 ./system/src/stm32f4xx/stm32f4xx_hal_rcc.o
 .debug_loc     0x00000fa1      0x43b ./system/src/stm32f4xx/stm32f4xx_hal_rcc_ex.o
 .debug_loc     0x000013dc       0x82 ./system/src/newlib/_sbrk.o
 .debug_loc     0x0000145e      0x265 ./system/src/newlib/_startup.o
 .debug_loc     0x000016c3       0x63 ./system/src/newlib/_syscalls.o
 .debug_loc     0x00001726       0xf7 ./system/src/diag/Trace.o
 .debug_loc     0x0000181d      0x17c ./system/src/diag/trace_impl.o
 .debug_loc     0x00001999      0x2a8 ./system/src/cortexm/exception_handlers.o
 .debug_loc     0x00001c41      0x137 ./system/src/cmsis/system_stm32f4xx.o

.debug_macinfo
 *(.debug_macinfo)

.debug_weaknames
 *(.debug_weaknames)

.debug_funcnames
 *(.debug_funcnames)

.debug_typenames
 *(.debug_typenames)

.debug_varnames
 *(.debug_varnames)
OUTPUT(STM32F410_FloppyMusic.elf elf32-littlearm)

.debug_ranges   0x00000000      0x480
 .debug_ranges  0x00000000       0xb0 ./system/src/stm32f4xx/stm32f4xx_hal.o
 .debug_ranges  0x000000b0       0x88 ./system/src/stm32f4xx/stm32f4xx_hal_cortex.o
 .debug_ranges  0x00000138       0x48 ./system/src/stm32f4xx/stm32f4xx_hal_gpio.o
 .debug_ranges  0x00000180       0x78 ./system/src/stm32f4xx/stm32f4xx_hal_rcc.o
 .debug_ranges  0x000001f8       0x38 ./system/src/stm32f4xx/stm32f4xx_hal_rcc_ex.o
 .debug_ranges  0x00000230       0x18 ./system/src/newlib/_exit.o
 .debug_ranges  0x00000248       0x10 ./system/src/newlib/_sbrk.o
 .debug_ranges  0x00000258       0x48 ./system/src/newlib/_startup.o
 .debug_ranges  0x000002a0       0x20 ./system/src/newlib/_syscalls.o
 .debug_ranges  0x000002c0       0x28 ./system/src/diag/Trace.o
 .debug_ranges  0x000002e8       0x38 ./system/src/diag/trace_impl.o
 .debug_ranges  0x00000320       0x18 ./system/src/cortexm/_initialize_hardware.o
 .debug_ranges  0x00000338       0x98 ./system/src/cortexm/exception_handlers.o
 .debug_ranges  0x000003d0       0x20 ./system/src/cmsis/startup_stm32f410rx.o
 .debug_ranges  0x000003f0       0x18 ./system/src/cmsis/system_stm32f4xx.o
 .debug_ranges  0x00000408       0x18 ./src/functions.o
 .debug_ranges  0x00000420       0x10 ./src/main.o
 .debug_ranges  0x00000430       0x50 ./src/stm32f4xx_it.o

.debug_macro    0x00000000     0xf81c
 .debug_macro   0x00000000      0x2fb ./system/src/stm32f4xx/stm32f4xx_hal.o
 .debug_macro   0x000002fb      0x886 ./system/src/stm32f4xx/stm32f4xx_hal.o
 .debug_macro   0x00000b81      0x1ce ./system/src/stm32f4xx/stm32f4xx_hal.o
 .debug_macro   0x00000d4f       0x31 ./system/src/stm32f4xx/stm32f4xx_hal.o
 .debug_macro   0x00000d80       0x28 ./system/src/stm32f4xx/stm32f4xx_hal.o
 .debug_macro   0x00000da8      0x34e ./system/src/stm32f4xx/stm32f4xx_hal.o
 .debug_macro   0x000010f6       0x35 ./system/src/stm32f4xx/stm32f4xx_hal.o
 .debug_macro   0x0000112b       0x50 ./system/src/stm32f4xx/stm32f4xx_hal.o
 .debug_macro   0x0000117b      0xe66 ./system/src/stm32f4xx/stm32f4xx_hal.o
 .debug_macro   0x00001fe1     0x4230 ./system/src/stm32f4xx/stm32f4xx_hal.o
 .debug_macro   0x00006211       0x43 ./system/src/stm32f4xx/stm32f4xx_hal.o
 .debug_macro   0x00006254     0x347f ./system/src/stm32f4xx/stm32f4xx_hal.o
 .debug_macro   0x000096d3       0x58 ./system/src/stm32f4xx/stm32f4xx_hal.o
 .debug_macro   0x0000972b       0x22 ./system/src/stm32f4xx/stm32f4xx_hal.o
 .debug_macro   0x0000974d       0x35 ./system/src/stm32f4xx/stm32f4xx_hal.o
 .debug_macro   0x00009782       0x9c ./system/src/stm32f4xx/stm32f4xx_hal.o
 .debug_macro   0x0000981e       0x16 ./system/src/stm32f4xx/stm32f4xx_hal.o
 .debug_macro   0x00009834       0x4a ./system/src/stm32f4xx/stm32f4xx_hal.o
 .debug_macro   0x0000987e       0x97 ./system/src/stm32f4xx/stm32f4xx_hal.o
 .debug_macro   0x00009915      0x27a ./system/src/stm32f4xx/stm32f4xx_hal.o
 .debug_macro   0x00009b8f       0xf6 ./system/src/stm32f4xx/stm32f4xx_hal.o
 .debug_macro   0x00009c85       0x10 ./system/src/stm32f4xx/stm32f4xx_hal.o
 .debug_macro   0x00009c95       0x52 ./system/src/stm32f4xx/stm32f4xx_hal.o
 .debug_macro   0x00009ce7       0x16 ./system/src/stm32f4xx/stm32f4xx_hal.o
 .debug_macro   0x00009cfd       0x43 ./system/src/stm32f4xx/stm32f4xx_hal.o
 .debug_macro   0x00009d40      0x180 ./system/src/stm32f4xx/stm32f4xx_hal.o
 .debug_macro   0x00009ec0       0x10 ./system/src/stm32f4xx/stm32f4xx_hal.o
 .debug_macro   0x00009ed0       0x22 ./system/src/stm32f4xx/stm32f4xx_hal.o
 .debug_macro   0x00009ef2       0x22 ./system/src/stm32f4xx/stm32f4xx_hal.o
 .debug_macro   0x00009f14       0xbe ./system/src/stm32f4xx/stm32f4xx_hal.o
 .debug_macro   0x00009fd2       0x16 ./system/src/stm32f4xx/stm32f4xx_hal.o
 .debug_macro   0x00009fe8      0x197 ./system/src/stm32f4xx/stm32f4xx_hal.o
 .debug_macro   0x0000a17f       0x57 ./system/src/stm32f4xx/stm32f4xx_hal.o
 .debug_macro   0x0000a1d6      0x391 ./system/src/stm32f4xx/stm32f4xx_hal.o
 .debug_macro   0x0000a567      0x9e1 ./system/src/stm32f4xx/stm32f4xx_hal.o
 .debug_macro   0x0000af48      0x11e ./system/src/stm32f4xx/stm32f4xx_hal.o
 .debug_macro   0x0000b066       0xc0 ./system/src/stm32f4xx/stm32f4xx_hal.o
 .debug_macro   0x0000b126       0x27 ./system/src/stm32f4xx/stm32f4xx_hal.o
 .debug_macro   0x0000b14d      0x287 ./system/src/stm32f4xx/stm32f4xx_hal.o
 .debug_macro   0x0000b3d4       0x5f ./system/src/stm32f4xx/stm32f4xx_hal.o
 .debug_macro   0x0000b433      0x23a ./system/src/stm32f4xx/stm32f4xx_hal.o
 .debug_macro   0x0000b66d      0x391 ./system/src/stm32f4xx/stm32f4xx_hal.o
 .debug_macro   0x0000b9fe      0x16f ./system/src/stm32f4xx/stm32f4xx_hal.o
 .debug_macro   0x0000bb6d       0xf9 ./system/src/stm32f4xx/stm32f4xx_hal.o
 .debug_macro   0x0000bc66      0x13a ./system/src/stm32f4xx/stm32f4xx_hal.o
 .debug_macro   0x0000bda0      0x225 ./system/src/stm32f4xx/stm32f4xx_hal.o
 .debug_macro   0x0000bfc5       0x2e ./system/src/stm32f4xx/stm32f4xx_hal.o
 .debug_macro   0x0000bff3      0x11e ./system/src/stm32f4xx/stm32f4xx_hal.o
 .debug_macro   0x0000c111       0x91 ./system/src/stm32f4xx/stm32f4xx_hal.o
 .debug_macro   0x0000c1a2       0x89 ./system/src/stm32f4xx/stm32f4xx_hal.o
 .debug_macro   0x0000c22b      0x202 ./system/src/stm32f4xx/stm32f4xx_hal.o
 .debug_macro   0x0000c42d      0x287 ./system/src/stm32f4xx/stm32f4xx_hal.o
 .debug_macro   0x0000c6b4      0x202 ./system/src/stm32f4xx/stm32f4xx_hal.o
 .debug_macro   0x0000c8b6       0x34 ./system/src/stm32f4xx/stm32f4xx_hal.o
 .debug_macro   0x0000c8ea       0x90 ./system/src/stm32f4xx/stm32f4xx_hal.o
 .debug_macro   0x0000c97a      0x12c ./system/src/stm32f4xx/stm32f4xx_hal.o
 .debug_macro   0x0000caa6      0x2ad ./system/src/stm32f4xx/stm32f4xx_hal_cortex.o
 .debug_macro   0x0000cd53      0x2e5 ./system/src/stm32f4xx/stm32f4xx_hal_gpio.o
 .debug_macro   0x0000d038      0x2d7 ./system/src/stm32f4xx/stm32f4xx_hal_rcc.o
 .debug_macro   0x0000d30f      0x2ad ./system/src/stm32f4xx/stm32f4xx_hal_rcc_ex.o
 .debug_macro   0x0000d5bc      0x131 ./system/src/newlib/_exit.o
 .debug_macro   0x0000d6ed      0x10e ./system/src/newlib/_exit.o
 .debug_macro   0x0000d7fb       0x86 ./system/src/newlib/_exit.o
 .debug_macro   0x0000d881       0x35 ./system/src/newlib/_exit.o
 .debug_macro   0x0000d8b6       0xed ./system/src/newlib/_sbrk.o
 .debug_macro   0x0000d9a3      0x16d ./system/src/newlib/_sbrk.o
 .debug_macro   0x0000db10       0x10 ./system/src/newlib/_sbrk.o
 .debug_macro   0x0000db20      0x23b ./system/src/newlib/_sbrk.o
 .debug_macro   0x0000dd5b       0xf7 ./system/src/newlib/_startup.o
 .debug_macro   0x0000de52      0x1ad ./system/src/newlib/_syscalls.o
 .debug_macro   0x0000dfff       0x1c ./system/src/newlib/_syscalls.o
 .debug_macro   0x0000e01b       0x10 ./system/src/newlib/_syscalls.o
 .debug_macro   0x0000e02b       0x10 ./system/src/newlib/_syscalls.o
 .debug_macro   0x0000e03b       0x10 ./system/src/newlib/_syscalls.o
 .debug_macro   0x0000e04b       0x10 ./system/src/newlib/_syscalls.o
 .debug_macro   0x0000e05b       0x35 ./system/src/newlib/_syscalls.o
 .debug_macro   0x0000e090      0x122 ./system/src/newlib/_syscalls.o
 .debug_macro   0x0000e1b2       0x2e ./system/src/newlib/_syscalls.o
 .debug_macro   0x0000e1e0       0x82 ./system/src/newlib/_syscalls.o
 .debug_macro   0x0000e262       0x2b ./system/src/newlib/_syscalls.o
 .debug_macro   0x0000e28d      0x118 ./system/src/newlib/_syscalls.o
 .debug_macro   0x0000e3a5      0x159 ./system/src/newlib/_syscalls.o
 .debug_macro   0x0000e4fe       0x16 ./system/src/newlib/_syscalls.o
 .debug_macro   0x0000e514      0x15e ./system/src/diag/Trace.o
 .debug_macro   0x0000e672       0x52 ./system/src/diag/Trace.o
 .debug_macro   0x0000e6c4       0x16 ./system/src/diag/Trace.o
 .debug_macro   0x0000e6da      0x188 ./system/src/diag/trace_impl.o
 .debug_macro   0x0000e862       0x10 ./system/src/diag/trace_impl.o
 .debug_macro   0x0000e872       0xc8 ./system/src/diag/trace_impl.o
 .debug_macro   0x0000e93a       0x19 ./system/src/diag/trace_impl.o
 .debug_macro   0x0000e953       0xbe ./system/src/diag/trace_impl.o
 .debug_macro   0x0000ea11       0x22 ./system/src/diag/trace_impl.o
 .debug_macro   0x0000ea33       0x95 ./system/src/cortexm/_initialize_hardware.o
 .debug_macro   0x0000eac8      0x1be ./system/src/cortexm/exception_handlers.o
 .debug_macro   0x0000ec86       0x3b ./system/src/cortexm/exception_handlers.o
 .debug_macro   0x0000ecc1       0x10 ./system/src/cortexm/exception_handlers.o
 .debug_macro   0x0000ecd1       0x9d ./system/src/cmsis/system_stm32f4xx.o
 .debug_macro   0x0000ed6e      0x2f5 ./src/functions.o
 .debug_macro   0x0000f063      0x1c1 ./src/functions.o
 .debug_macro   0x0000f224      0x2f5 ./src/main.o
 .debug_macro   0x0000f519      0x303 ./src/stm32f4xx_it.o
