Archive member included because of file (symbol)

/usr/local/gcc-arm-none-eabi-4_9-2015q3/bin/../lib/gcc/arm-none-eabi/4.9.3/armv7e-m/libgcc.a(_arm_addsubsf3.o)
                              ./src/song.o (__aeabi_i2f)
/usr/local/gcc-arm-none-eabi-4_9-2015q3/bin/../lib/gcc/arm-none-eabi/4.9.3/armv7e-m/libgcc.a(_arm_muldivsf3.o)
                              ./src/song.o (__aeabi_fmul)
/usr/local/gcc-arm-none-eabi-4_9-2015q3/bin/../lib/gcc/arm-none-eabi/4.9.3/armv7e-m/libgcc.a(_arm_fixsfsi.o)
                              ./src/song.o (__aeabi_f2iz)
/usr/local/gcc-arm-none-eabi-4_9-2015q3/bin/../lib/gcc/arm-none-eabi/4.9.3/armv7e-m/libgcc.a(unwind-arm.o)
                              ./system/src/newlib/_cxx.o (__aeabi_unwind_cpp_pr1)
/usr/local/gcc-arm-none-eabi-4_9-2015q3/bin/../lib/gcc/arm-none-eabi/4.9.3/armv7e-m/libgcc.a(libunwind.o)
                              /usr/local/gcc-arm-none-eabi-4_9-2015q3/bin/../lib/gcc/arm-none-eabi/4.9.3/armv7e-m/libgcc.a(unwind-arm.o) (restore_core_regs)
/usr/local/gcc-arm-none-eabi-4_9-2015q3/bin/../lib/gcc/arm-none-eabi/4.9.3/armv7e-m/libgcc.a(pr-support.o)
                              /usr/local/gcc-arm-none-eabi-4_9-2015q3/bin/../lib/gcc/arm-none-eabi/4.9.3/armv7e-m/libgcc.a(unwind-arm.o) (__gnu_unwind_execute)
/usr/local/gcc-arm-none-eabi-4_9-2015q3/bin/../lib/gcc/arm-none-eabi/4.9.3/../../../../arm-none-eabi/lib/armv7e-m/libg_nano.a(lib_a-errno.o)
                              ./system/src/newlib/_sbrk.o (__errno)
/usr/local/gcc-arm-none-eabi-4_9-2015q3/bin/../lib/gcc/arm-none-eabi/4.9.3/../../../../arm-none-eabi/lib/armv7e-m/libg_nano.a(lib_a-impure.o)
                              /usr/local/gcc-arm-none-eabi-4_9-2015q3/bin/../lib/gcc/arm-none-eabi/4.9.3/../../../../arm-none-eabi/lib/armv7e-m/libg_nano.a(lib_a-errno.o) (_impure_ptr)
/usr/local/gcc-arm-none-eabi-4_9-2015q3/bin/../lib/gcc/arm-none-eabi/4.9.3/../../../../arm-none-eabi/lib/armv7e-m/libg_nano.a(lib_a-init.o)
                              ./system/src/cmsis/startup_stm32f410rx.o (__libc_init_array)
/usr/local/gcc-arm-none-eabi-4_9-2015q3/bin/../lib/gcc/arm-none-eabi/4.9.3/../../../../arm-none-eabi/lib/armv7e-m/libg_nano.a(lib_a-memcpy.o)
                              /usr/local/gcc-arm-none-eabi-4_9-2015q3/bin/../lib/gcc/arm-none-eabi/4.9.3/armv7e-m/libgcc.a(unwind-arm.o) (memcpy)
/usr/local/gcc-arm-none-eabi-4_9-2015q3/bin/../lib/gcc/arm-none-eabi/4.9.3/../../../../arm-none-eabi/lib/armv7e-m/libg_nano.a(lib_a-strlen.o)
                              ./system/src/diag/Trace.o (strlen)
/usr/local/gcc-arm-none-eabi-4_9-2015q3/bin/../lib/gcc/arm-none-eabi/4.9.3/../../../../arm-none-eabi/lib/armv7e-m/libg_nano.a(lib_a-vsnprintf.o)
                              ./system/src/diag/Trace.o (vsnprintf)
/usr/local/gcc-arm-none-eabi-4_9-2015q3/bin/../lib/gcc/arm-none-eabi/4.9.3/../../../../arm-none-eabi/lib/armv7e-m/libg_nano.a(lib_a-nano-svfprintf.o)
                              /usr/local/gcc-arm-none-eabi-4_9-2015q3/bin/../lib/gcc/arm-none-eabi/4.9.3/../../../../arm-none-eabi/lib/armv7e-m/libg_nano.a(lib_a-vsnprintf.o) (_svfprintf_r)
/usr/local/gcc-arm-none-eabi-4_9-2015q3/bin/../lib/gcc/arm-none-eabi/4.9.3/../../../../arm-none-eabi/lib/armv7e-m/libg_nano.a(lib_a-nano-vfprintf_i.o)
                              /usr/local/gcc-arm-none-eabi-4_9-2015q3/bin/../lib/gcc/arm-none-eabi/4.9.3/../../../../arm-none-eabi/lib/armv7e-m/libg_nano.a(lib_a-nano-svfprintf.o) (_printf_i)
/usr/local/gcc-arm-none-eabi-4_9-2015q3/bin/../lib/gcc/arm-none-eabi/4.9.3/../../../../arm-none-eabi/lib/armv7e-m/libg_nano.a(lib_a-memchr.o)
                              /usr/local/gcc-arm-none-eabi-4_9-2015q3/bin/../lib/gcc/arm-none-eabi/4.9.3/../../../../arm-none-eabi/lib/armv7e-m/libg_nano.a(lib_a-nano-svfprintf.o) (memchr)
/usr/local/gcc-arm-none-eabi-4_9-2015q3/bin/../lib/gcc/arm-none-eabi/4.9.3/../../../../arm-none-eabi/lib/armv7e-m/libg_nano.a(lib_a-memmove.o)
                              /usr/local/gcc-arm-none-eabi-4_9-2015q3/bin/../lib/gcc/arm-none-eabi/4.9.3/../../../../arm-none-eabi/lib/armv7e-m/libg_nano.a(lib_a-nano-svfprintf.o) (memmove)
/usr/local/gcc-arm-none-eabi-4_9-2015q3/bin/../lib/gcc/arm-none-eabi/4.9.3/../../../../arm-none-eabi/lib/armv7e-m/libg_nano.a(lib_a-nano-freer.o)
                              /usr/local/gcc-arm-none-eabi-4_9-2015q3/bin/../lib/gcc/arm-none-eabi/4.9.3/../../../../arm-none-eabi/lib/armv7e-m/libg_nano.a(lib_a-nano-svfprintf.o) (_free_r)
/usr/local/gcc-arm-none-eabi-4_9-2015q3/bin/../lib/gcc/arm-none-eabi/4.9.3/../../../../arm-none-eabi/lib/armv7e-m/libg_nano.a(lib_a-nano-mallocr.o)
                              /usr/local/gcc-arm-none-eabi-4_9-2015q3/bin/../lib/gcc/arm-none-eabi/4.9.3/../../../../arm-none-eabi/lib/armv7e-m/libg_nano.a(lib_a-nano-svfprintf.o) (_malloc_r)
/usr/local/gcc-arm-none-eabi-4_9-2015q3/bin/../lib/gcc/arm-none-eabi/4.9.3/../../../../arm-none-eabi/lib/armv7e-m/libg_nano.a(lib_a-nano-reallocr.o)
[...]
Memory Configuration

Name             Origin             Length             Attributes
FLASH            0x08000000         0x00020000         xr
RAM              0x20000000         0x00008000         xrw
CCMRAM           0x10000000         0x00000000         xrw
FLASHB1          0x00000000         0x00000000         xr
EXTMEMB0         0x00000000         0x00000000         xr
EXTMEMB1         0x00000000         0x00000000         xr
EXTMEMB2         0x00000000         0x00000000         xr
EXTMEMB3         0x00000000         0x00000000         xr
*default*        0x00000000         0xffffffff

Linker script and memory map

LOAD ./system/src/stm32f4xx/stm32f4xx_hal.o
LOAD ./system/src/stm32f4xx/stm32f4xx_hal_adc.o
LOAD ./system/src/stm32f4xx/stm32f4xx_hal_adc_ex.o
LOAD ./system/src/stm32f4xx/stm32f4xx_hal_can.o
LOAD ./system/src/stm32f4xx/stm32f4xx_hal_cec.o
LOAD ./system/src/stm32f4xx/stm32f4xx_hal_cortex.o
LOAD ./system/src/stm32f4xx/stm32f4xx_hal_crc.o
LOAD ./system/src/stm32f4xx/stm32f4xx_hal_cryp.o
LOAD ./system/src/stm32f4xx/stm32f4xx_hal_cryp_ex.o
LOAD ./system/src/stm32f4xx/stm32f4xx_hal_dac.o
LOAD ./system/src/stm32f4xx/stm32f4xx_hal_dac_ex.o
LOAD ./system/src/stm32f4xx/stm32f4xx_hal_dcmi.o
LOAD ./system/src/stm32f4xx/stm32f4xx_hal_dcmi_ex.o
LOAD ./system/src/stm32f4xx/stm32f4xx_hal_dfsdm.o
LOAD ./system/src/stm32f4xx/stm32f4xx_hal_dma.o
LOAD ./system/src/stm32f4xx/stm32f4xx_hal_dma2d.o
LOAD ./system/src/stm32f4xx/stm32f4xx_hal_dma_ex.o
LOAD ./system/src/stm32f4xx/stm32f4xx_hal_dsi.o
LOAD ./system/src/stm32f4xx/stm32f4xx_hal_eth.o
LOAD ./system/src/stm32f4xx/stm32f4xx_hal_flash.o
LOAD ./system/src/stm32f4xx/stm32f4xx_hal_flash_ex.o
LOAD ./system/src/stm32f4xx/stm32f4xx_hal_flash_ramfunc.o
LOAD ./system/src/stm32f4xx/stm32f4xx_hal_fmpi2c.o
LOAD ./system/src/stm32f4xx/stm32f4xx_hal_fmpi2c_ex.o
LOAD ./system/src/stm32f4xx/stm32f4xx_hal_gpio.o
LOAD ./system/src/stm32f4xx/stm32f4xx_hal_hash.o
LOAD ./system/src/stm32f4xx/stm32f4xx_hal_hash_ex.o
LOAD ./system/src/stm32f4xx/stm32f4xx_hal_hcd.o
LOAD ./system/src/stm32f4xx/stm32f4xx_hal_i2c.o
LOAD ./system/src/stm32f4xx/stm32f4xx_hal_i2c_ex.o
LOAD ./system/src/stm32f4xx/stm32f4xx_hal_i2s.o
LOAD ./system/src/stm32f4xx/stm32f4xx_hal_i2s_ex.o
LOAD ./system/src/stm32f4xx/stm32f4xx_hal_irda.o
LOAD ./system/src/stm32f4xx/stm32f4xx_hal_iwdg.o
LOAD ./system/src/stm32f4xx/stm32f4xx_hal_lptim.o
LOAD ./system/src/stm32f4xx/stm32f4xx_hal_ltdc.o
LOAD ./system/src/stm32f4xx/stm32f4xx_hal_ltdc_ex.o
LOAD ./system/src/stm32f4xx/stm32f4xx_hal_nand.o
LOAD ./system/src/stm32f4xx/stm32f4xx_hal_nor.o
LOAD ./system/src/stm32f4xx/stm32f4xx_hal_pccard.o
LOAD ./system/src/stm32f4xx/stm32f4xx_hal_pcd.o
LOAD ./system/src/stm32f4xx/stm32f4xx_hal_pcd_ex.o
LOAD ./system/src/stm32f4xx/stm32f4xx_hal_pwr.o
LOAD ./system/src/stm32f4xx/stm32f4xx_hal_pwr_ex.o
LOAD ./system/src/stm32f4xx/stm32f4xx_hal_qspi.o
LOAD ./system/src/stm32f4xx/stm32f4xx_hal_rcc.o
LOAD ./system/src/stm32f4xx/stm32f4xx_hal_rcc_ex.o
LOAD ./system/src/stm32f4xx/stm32f4xx_hal_rng.o
LOAD ./system/src/stm32f4xx/stm32f4xx_hal_rtc.o
LOAD ./system/src/stm32f4xx/stm32f4xx_hal_rtc_ex.o
LOAD ./system/src/stm32f4xx/stm32f4xx_hal_sai.o
LOAD ./system/src/stm32f4xx/stm32f4xx_hal_sai_ex.o
LOAD ./system/src/stm32f4xx/stm32f4xx_hal_sd.o
LOAD ./system/src/stm32f4xx/stm32f4xx_hal_sdram.o
LOAD ./system/src/stm32f4xx/stm32f4xx_hal_smartcard.o
LOAD ./system/src/stm32f4xx/stm32f4xx_hal_spdifrx.o
LOAD ./system/src/stm32f4xx/stm32f4xx_hal_spi.o
LOAD ./system/src/stm32f4xx/stm32f4xx_hal_sram.o
LOAD ./system/src/stm32f4xx/stm32f4xx_hal_tim.o
LOAD ./system/src/stm32f4xx/stm32f4xx_hal_tim_ex.o
LOAD ./system/src/stm32f4xx/stm32f4xx_hal_uart.o
LOAD ./system/src/stm32f4xx/stm32f4xx_hal_usart.o
LOAD ./system/src/stm32f4xx/stm32f4xx_hal_wwdg.o
LOAD ./system/src/stm32f4xx/stm32f4xx_ll_fmc.o
LOAD ./system/src/stm32f4xx/stm32f4xx_ll_fsmc.o
LOAD ./system/src/stm32f4xx/stm32f4xx_ll_sdmmc.o
LOAD ./system/src/stm32f4xx/stm32f4xx_ll_usb.o
LOAD ./system/src/newlib/_cxx.o
LOAD ./system/src/newlib/_exit.o
LOAD ./system/src/newlib/_sbrk.o
LOAD ./system/src/newlib/_startup.o
LOAD ./system/src/newlib/_syscalls.o
LOAD ./system/src/newlib/assert.o
LOAD ./system/src/diag/Trace.o
LOAD ./system/src/diag/trace_impl.o
LOAD ./system/src/cortexm/_initialize_hardware.o
LOAD ./system/src/cortexm/_reset_hardware.o
LOAD ./system/src/cortexm/exception_handlers.o
LOAD ./system/src/cmsis/startup_stm32f410rx.o
LOAD ./system/src/cmsis/system_stm32f4xx.o
LOAD ./src/functions.o
LOAD ./src/main.o
LOAD ./src/song.o
LOAD ./src/stm32f4xx_it.o
LOAD ./src/stm32f4xx_nucleo.o
LOAD /usr/local/gcc-arm-none-eabi-4_9-2015q3/bin/../lib/gcc/arm-none-eabi/4.9.3/../../../../arm-none-eabi/lib/armv7e-m/libstdc++_nano.a
LOAD /usr/local/gcc-arm-none-eabi-4_9-2015q3/bin/../lib/gcc/arm-none-eabi/4.9.3/../../../../arm-none-eabi/lib/armv7e-m/libm.a
START GROUP
LOAD /usr/local/gcc-arm-none-eabi-4_9-2015q3/bin/../lib/gcc/arm-none-eabi/4.9.3/armv7e-m/libgcc.a
LOAD /usr/local/gcc-arm-none-eabi-4_9-2015q3/bin/../lib/gcc/arm-none-eabi/4.9.3/../../../../arm-none-eabi/lib/armv7e-m/libg_nano.a
LOAD /usr/local/gcc-arm-none-eabi-4_9-2015q3/bin/../lib/gcc/arm-none-eabi/4.9.3/../../../../arm-none-eabi/lib/armv7e-m/libc_nano.a
END GROUP
START GROUP
LOAD /usr/local/gcc-arm-none-eabi-4_9-2015q3/bin/../lib/gcc/arm-none-eabi/4.9.3/armv7e-m/libgcc.a
LOAD /usr/local/gcc-arm-none-eabi-4_9-2015q3/bin/../lib/gcc/arm-none-eabi/4.9.3/../../../../arm-none-eabi/lib/armv7e-m/libc_nano.a
END GROUP
                0x20008000                __stack = (ORIGIN (RAM) + 0x8000)
                0x20008000                _estack = __stack
                0x00000400                __Main_Stack_Size = 0x400
                0x00000400                PROVIDE (_Main_Stack_Size, __Main_Stack_Size)
                0x20007c00                __Main_Stack_Limit = (__stack - __Main_Stack_Size)
                0x20007c00                PROVIDE (_Main_Stack_Limit, __Main_Stack_Limit)
                0x00000100                _Minimum_Stack_Size = 0x100
                0x20000948                PROVIDE (_Heap_Begin, _end_noinit)
                0x20007c00                PROVIDE (_Heap_Limit, (__stack - __Main_Stack_Size))

.isr_vector     0x08000000      0x40c
 FILL mask 0xff
                0x08000000                __vectors_start = ABSOLUTE (.)
                0x08000000                __vectors_start__ = ABSOLUTE (.)
 *(.isr_vector)
 .isr_vector    0x08000000      0x1c8 ./system/src/cmsis/startup_stm32f410rx.o
                0x08000000                g_pfnVectors
 *(.cfmconfig)
 *(.after_vectors .after_vectors.*)
 .after_vectors
                0x080001c8      0x114 ./system/src/newlib/_startup.o
                0x080001c8                _start
 .after_vectors
                0x080002dc      0x130 ./system/src/cortexm/exception_handlers.o
                0x080002dc                Reset_Handler
                0x080002fc                HardFault_Handler_C
                0x08000374                BusFault_Handler_C
                0x080003bc                UsageFault_Handler_C

.inits          0x0800040c       0x28
                0x0800040c                __data_regions_array_start = .
                0x0800040c        0x4 LONG 0x80022d8 LOADADDR (.data)
                0x08000410        0x4 LONG 0x20000000 ADDR (.data)
                0x08000414        0x4 LONG 0x20000858 (ADDR (.data) + SIZEOF (.data))
                0x08000418        0x4 LONG 0x80022d8 LOADADDR (.data_CCMRAM)
                0x0800041c        0x4 LONG 0x10000000 ADDR (.data_CCMRAM)
                0x08000420        0x4 LONG 0x10000000 (ADDR (.data_CCMRAM) + SIZEOF (.data_CCMRAM))
                0x08000424                __data_regions_array_end = .
                0x08000424                __bss_regions_array_start = .
                0x08000424        0x4 LONG 0x20000858 ADDR (.bss)
                0x08000428        0x4 LONG 0x20000948 (ADDR (.bss) + SIZEOF (.bss))
                0x0800042c        0x4 LONG 0x10000000 ADDR (.bss_CCMRAM)
                0x08000430        0x4 LONG 0x10000000 (ADDR (.bss_CCMRAM) + SIZEOF (.bss_CCMRAM))
                0x08000434                __bss_regions_array_end = .
 *(.init)
 *(.fini)
                0x08000434                . = ALIGN (0x4)
                0x08000434                PROVIDE (__preinit_array_start, .)
 *(.preinit_array_sysinit .preinit_array_sysinit.*)
 *(.preinit_array_platform .preinit_array_platform.*)
 *(.preinit_array .preinit_array.*)
                0x08000434                PROVIDE (__preinit_array_end, .)
                0x08000434                . = ALIGN (0x4)
                0x08000434                PROVIDE (__init_array_start, .)
 *(SORT(.init_array.*))
 *(.init_array)
                0x08000434                PROVIDE (__init_array_end, .)
                0x08000434                . = ALIGN (0x4)
                0x08000434                PROVIDE (__fini_array_start, .)
 *(SORT(.fini_array.*))
 *(.fini_array)
                0x08000434                PROVIDE (__fini_array_end, .)

.flashtext
 *(.flashtext .flashtext.*)

.text           0x08000434     0x1ea1
 *(.text .text.*)
 .text.HAL_MspInit
                0x08000434        0x4 ./system/src/stm32f4xx/stm32f4xx_hal.o
                0x08000434                HAL_MspInit
 .text.HAL_InitTick
                0x08000438       0x2c ./system/src/stm32f4xx/stm32f4xx_hal.o
                0x08000438                HAL_InitTick
 .text.HAL_Init
                0x08000464       0x34 ./system/src/stm32f4xx/stm32f4xx_hal.o
                0x08000464                HAL_Init
 .text.HAL_IncTick
                0x08000498       0x10 ./system/src/stm32f4xx/stm32f4xx_hal.o
                0x08000498                HAL_IncTick
 .text.HAL_GetTick
                0x080004a8        0xc ./system/src/stm32f4xx/stm32f4xx_hal.o
                0x080004a8                HAL_GetTick
 .text.HAL_Delay
                0x080004b4       0x1c ./system/src/stm32f4xx/stm32f4xx_hal.o
                0x080004b4                HAL_Delay
 .text.HAL_NVIC_SetPriorityGrouping
                0x080004d0       0x24 ./system/src/stm32f4xx/stm32f4xx_hal_cortex.o
                0x080004d0                HAL_NVIC_SetPriorityGrouping
 .text.HAL_NVIC_SetPriority
                0x080004f4       0x64 ./system/src/stm32f4xx/stm32f4xx_hal_cortex.o
                0x080004f4                HAL_NVIC_SetPriority
 .text.HAL_SYSTICK_Config
                0x08000558       0x2c ./system/src/stm32f4xx/stm32f4xx_hal_cortex.o
                0x08000558                HAL_SYSTICK_Config
 .text.HAL_GPIO_Init
                0x08000584      0x198 ./system/src/stm32f4xx/stm32f4xx_hal_gpio.o
                0x08000584                HAL_GPIO_Init
 .text.HAL_GPIO_WritePin
                0x0800071c        0xc ./system/src/stm32f4xx/stm32f4xx_hal_gpio.o
                0x0800071c                HAL_GPIO_WritePin
 .text.HAL_GPIO_TogglePin
                0x08000728        0x8 ./system/src/stm32f4xx/stm32f4xx_hal_gpio.o
                0x08000728                HAL_GPIO_TogglePin
 .text.HAL_RCC_GetSysClockFreq
                0x08000730       0x94 ./system/src/stm32f4xx/stm32f4xx_hal_rcc.o
                0x08000730                HAL_RCC_GetSysClockFreq
 .text.HAL_RCC_ClockConfig
                0x080007c4      0x1b0 ./system/src/stm32f4xx/stm32f4xx_hal_rcc.o
                0x080007c4                HAL_RCC_ClockConfig
 .text.HAL_RCC_OscConfig
                0x08000974      0x380 ./system/src/stm32f4xx/stm32f4xx_hal_rcc_ex.o
                0x08000974                HAL_RCC_OscConfig
 .text.HAL_TIM_Base_Start
                0x08000cf4       0x1c ./system/src/stm32f4xx/stm32f4xx_hal_tim.o
                0x08000cf4                HAL_TIM_Base_Start
 .text.TIM_Base_SetConfig
                0x08000d10       0x7c ./system/src/stm32f4xx/stm32f4xx_hal_tim.o
                0x08000d10                TIM_Base_SetConfig
 .text.HAL_TIM_Base_Init
                0x08000d8c       0x38 ./system/src/stm32f4xx/stm32f4xx_hal_tim.o
                0x08000d8c                HAL_TIM_Base_Init
 .text.HAL_TIMEx_MasterConfigSynchronization
                0x08000dc4       0x54 ./system/src/stm32f4xx/stm32f4xx_hal_tim_ex.o
                0x08000dc4                HAL_TIMEx_MasterConfigSynchronization
 .text._exit    0x08000e18        0x4 ./system/src/newlib/_exit.o
                0x08000e18                _exit
 .text._sbrk    0x08000e1c       0x44 ./system/src/newlib/_sbrk.o
                0x08000e1c                _sbrk
 .text.__initialize_args
                0x08000e60       0x10 ./system/src/newlib/_syscalls.o
                0x08000e60                __initialize_args
 .text.trace_printf
                0x08000e70       0x34 ./system/src/diag/Trace.o
                0x08000e70                trace_printf
 .text._trace_write_semihosting_debug
                0x08000ea4       0x64 ./system/src/diag/trace_impl.o
 .text.trace_write
                0x08000f08        0x8 ./system/src/diag/trace_impl.o
                0x08000f08                trace_write
 .text.__initialize_hardware_early
                0x08000f10       0x18 ./system/src/cortexm/_initialize_hardware.o
                0x08000f10                __initialize_hardware_early
 .text.__initialize_hardware
                0x08000f28        0x8 ./system/src/cortexm/_initialize_hardware.o
                0x08000f28                __initialize_hardware
 .text.dumpExceptionStack
                0x08000f30       0xf0 ./system/src/cortexm/exception_handlers.o
                0x08000f30                dumpExceptionStack
 .text.isSemihosting
                0x08001020       0x20 ./system/src/cortexm/exception_handlers.o
                0x08001020                isSemihosting
 .text.Default_Handler
                0x08001040        0x2 ./system/src/cmsis/startup_stm32f410rx.o
                0x08001040                RTC_Alarm_IRQHandler
                0x08001040                EXTI2_IRQHandler
                0x08001040                FMPI2C1_EV_IRQHandler
                0x08001040                TIM1_CC_IRQHandler
                0x08001040                DMA2_Stream5_IRQHandler
                0x08001040                DMA1_Stream5_IRQHandler
                0x08001040                PVD_IRQHandler
                0x08001040                TAMP_STAMP_IRQHandler
                0x08001040                EXTI3_IRQHandler
                0x08001040                EXTI0_IRQHandler
                0x08001040                I2C2_EV_IRQHandler
                0x08001040                DMA1_Stream2_IRQHandler
                0x08001040                FPU_IRQHandler
                0x08001040                DMA2_Stream2_IRQHandler
                0x08001040                SPI1_IRQHandler
                0x08001040                TIM6_DAC_IRQHandler
                0x08001040                TIM1_BRK_TIM9_IRQHandler
                0x08001040                DMA2_Stream3_IRQHandler
                0x08001040                USART6_IRQHandler
                0x08001040                DMA2_Stream0_IRQHandler
                0x08001040                I2C1_EV_IRQHandler
                0x08001040                DMA1_Stream6_IRQHandler
                0x08001040                DMA1_Stream1_IRQHandler
                0x08001040                RCC_IRQHandler
                0x08001040                Default_Handler
                0x08001040                EXTI15_10_IRQHandler
                0x08001040                ADC_IRQHandler
                0x08001040                DMA1_Stream7_IRQHandler
                0x08001040                SPI5_IRQHandler
                0x08001040                TIM5_IRQHandler
                0x08001040                DMA2_Stream7_IRQHandler
                0x08001040                EXTI9_5_IRQHandler
                0x08001040                RTC_WKUP_IRQHandler
                0x08001040                SPI2_IRQHandler
                0x08001040                DMA1_Stream0_IRQHandler
                0x08001040                FMPI2C1_ER_IRQHandler
                0x08001040                EXTI4_IRQHandler
                0x08001040                RNG_IRQHandler
                0x08001040                TIM1_UP_IRQHandler
                0x08001040                WWDG_IRQHandler
                0x08001040                TIM1_TRG_COM_TIM11_IRQHandler
                0x08001040                EXTI1_IRQHandler
                0x08001040                USART2_IRQHandler
                0x08001040                I2C2_ER_IRQHandler
                0x08001040                DMA2_Stream1_IRQHandler
                0x08001040                FLASH_IRQHandler
                0x08001040                DMA2_Stream4_IRQHandler
                0x08001040                USART1_IRQHandler
                0x08001040                DMA1_Stream4_IRQHandler
                0x08001040                I2C1_ER_IRQHandler
                0x08001040                LPTIM1_IRQHandler
                0x08001040                DMA2_Stream6_IRQHandler
                0x08001040                DMA1_Stream3_IRQHandler
 *fill*         0x08001042        0x2 
 .text.SystemInit
                0x08001044       0x40 ./system/src/cmsis/system_stm32f4xx.o
                0x08001044                SystemInit
 .text.SystemCoreClockUpdate
                0x08001084       0xa0 ./system/src/cmsis/system_stm32f4xx.o
                0x08001084                SystemCoreClockUpdate
 .text.SystemClock_Config
                0x08001124       0x7c ./src/functions.o
                0x08001124                SystemClock_Config
 .text.GPIO_Init
                0x080011a0       0x7c ./src/functions.o
                0x080011a0                GPIO_Init
 .text.MX_TIM6_Init
                0x0800121c       0x3c ./src/functions.o
                0x0800121c                MX_TIM6_Init
 .text.HAL_TIM_Base_MspInit
                0x08001258       0x30 ./src/functions.o
                0x08001258                HAL_TIM_Base_MspInit
 .text.DelayMicroSeconds
                0x08001288       0x14 ./src/functions.o
                0x08001288                DelayMicroSeconds
 .text.main     0x0800129c       0x24 ./src/main.o
                0x0800129c                main
 .text.Playnote
                0x080012c0       0x90 ./src/song.o
                0x080012c0                Playnote
 .text.PlaySong
                0x08001350       0x58 ./src/song.o
                0x08001350                PlaySong
 .text.NMI_Handler
                0x080013a8        0x4 ./src/stm32f4xx_it.o
                0x080013a8                NMI_Handler
 .text.HardFault_Handler
                0x080013ac        0x4 ./src/stm32f4xx_it.o
                0x080013ac                HardFault_Handler
 .text.MemManage_Handler
                0x080013b0        0x4 ./src/stm32f4xx_it.o
                0x080013b0                MemManage_Handler
 .text.BusFault_Handler
                0x080013b4        0x4 ./src/stm32f4xx_it.o
                0x080013b4                BusFault_Handler
 .text.UsageFault_Handler
                0x080013b8        0x4 ./src/stm32f4xx_it.o
                0x080013b8                UsageFault_Handler
 .text.SVC_Handler
                0x080013bc        0x4 ./src/stm32f4xx_it.o
                0x080013bc                SVC_Handler
 .text.DebugMon_Handler
                0x080013c0        0x4 ./src/stm32f4xx_it.o
                0x080013c0                DebugMon_Handler
 .text.PendSV_Handler
                0x080013c4        0x4 ./src/stm32f4xx_it.o
                0x080013c4                PendSV_Handler
 .text.SysTick_Handler
                0x080013c8        0x8 ./src/stm32f4xx_it.o
                0x080013c8                SysTick_Handler
 .text          0x080013d0      0x21c /usr/local/gcc-arm-none-eabi-4_9-2015q3/bin/../lib/gcc/arm-none-eabi/4.9.3/armv7e-m/libgcc.a(_arm_addsubsf3.o)
                0x080013d0                __aeabi_frsub
                0x080013d8                __subsf3
                0x080013d8                __aeabi_fsub
                0x080013dc                __aeabi_fadd
                0x080013dc                __addsf3
                0x0800153c                __aeabi_ui2f
                0x0800153c                __floatunsisf
                0x08001544                __aeabi_i2f
                0x08001544                __floatsisf
                0x08001560                __floatundisf
                0x08001560                __aeabi_ul2f
                0x08001570                __floatdisf
                0x08001570                __aeabi_l2f
 .text          0x080015ec      0x2a0 /usr/local/gcc-arm-none-eabi-4_9-2015q3/bin/../lib/gcc/arm-none-eabi/4.9.3/armv7e-m/libgcc.a(_arm_muldivsf3.o)
                0x080015ec                __mulsf3
                0x080015ec                __aeabi_fmul
                0x08001754                __divsf3
                0x08001754                __aeabi_fdiv
 .text          0x0800188c       0x4c /usr/local/gcc-arm-none-eabi-4_9-2015q3/bin/../lib/gcc/arm-none-eabi/4.9.3/armv7e-m/libgcc.a(_arm_fixsfsi.o)
                0x0800188c                __fixsfsi
                0x0800188c                __aeabi_f2iz
 .text.__errno  0x080018d8        0xc /usr/local/gcc-arm-none-eabi-4_9-2015q3/bin/../lib/gcc/arm-none-eabi/4.9.3/../../../../arm-none-eabi/lib/armv7e-m/libg_nano.a(lib_a-errno.o)
                0x080018d8                __errno
 .text.memcpy   0x080018e4       0x16 /usr/local/gcc-arm-none-eabi-4_9-2015q3/bin/../lib/gcc/arm-none-eabi/4.9.3/../../../../arm-none-eabi/lib/armv7e-m/libg_nano.a(lib_a-memcpy.o)
                0x080018e4                memcpy
 .text._vsnprintf_r
                0x080018fa       0x52 /usr/local/gcc-arm-none-eabi-4_9-2015q3/bin/../lib/gcc/arm-none-eabi/4.9.3/../../../../arm-none-eabi/lib/armv7e-m/libg_nano.a(lib_a-vsnprintf.o)
                0x080018fa                _vsnprintf_r
                0x080018fa                _vsniprintf_r
 .text.vsnprintf
                0x0800194c       0x20 /usr/local/gcc-arm-none-eabi-4_9-2015q3/bin/../lib/gcc/arm-none-eabi/4.9.3/../../../../arm-none-eabi/lib/armv7e-m/libg_nano.a(lib_a-vsnprintf.o)
                0x0800194c                vsnprintf
                0x0800194c                vsniprintf
 .text.__ssputs_r
                0x0800196c       0xb2 /usr/local/gcc-arm-none-eabi-4_9-2015q3/bin/../lib/gcc/arm-none-eabi/4.9.3/../../../../arm-none-eabi/lib/armv7e-m/libg_nano.a(lib_a-nano-svfprintf.o)
                0x0800196c                __ssputs_r
 *fill*         0x08001a1e        0x2 
 .text._svfprintf_r
                0x08001a20      0x1e4 /usr/local/gcc-arm-none-eabi-4_9-2015q3/bin/../lib/gcc/arm-none-eabi/4.9.3/../../../../arm-none-eabi/lib/armv7e-m/libg_nano.a(lib_a-nano-svfprintf.o)
                0x08001a20                _svfprintf_r
                0x08001a20                _svfiprintf_r
 .text._printf_common
                0x08001c04       0xea /usr/local/gcc-arm-none-eabi-4_9-2015q3/bin/../lib/gcc/arm-none-eabi/4.9.3/../../../../arm-none-eabi/lib/armv7e-m/libg_nano.a(lib_a-nano-vfprintf_i.o)
                0x08001c04                _printf_common
 *fill*         0x08001cee        0x2 
 .text._printf_i
                0x08001cf0      0x240 /usr/local/gcc-arm-none-eabi-4_9-2015q3/bin/../lib/gcc/arm-none-eabi/4.9.3/../../../../arm-none-eabi/lib/armv7e-m/libg_nano.a(lib_a-nano-vfprintf_i.o)
                0x08001cf0                _printf_i
 .text.memchr   0x08001f30       0x1e /usr/local/gcc-arm-none-eabi-4_9-2015q3/bin/../lib/gcc/arm-none-eabi/4.9.3/../../../../arm-none-eabi/lib/armv7e-m/libg_nano.a(lib_a-memchr.o)
                0x08001f30                memchr
 .text.memmove  0x08001f4e       0x36 /usr/local/gcc-arm-none-eabi-4_9-2015q3/bin/../lib/gcc/arm-none-eabi/4.9.3/../../../../arm-none-eabi/lib/armv7e-m/libg_nano.a(lib_a-memmove.o)
                0x08001f4e                memmove
 .text._free_r  0x08001f84       0x88 /usr/local/gcc-arm-none-eabi-4_9-2015q3/bin/../lib/gcc/arm-none-eabi/4.9.3/../../../../arm-none-eabi/lib/armv7e-m/libg_nano.a(lib_a-nano-freer.o)
                0x08001f84                _free_r
 .text._malloc_r
                0x0800200c       0xac /usr/local/gcc-arm-none-eabi-4_9-2015q3/bin/../lib/gcc/arm-none-eabi/4.9.3/../../../../arm-none-eabi/lib/armv7e-m/libg_nano.a(lib_a-nano-mallocr.o)
                0x0800200c                _malloc_r
 .text._realloc_r
                0x080020b8       0x4c /usr/local/gcc-arm-none-eabi-4_9-2015q3/bin/../lib/gcc/arm-none-eabi/4.9.3/../../../../arm-none-eabi/lib/armv7e-m/libg_nano.a(lib_a-nano-reallocr.o)
                0x080020b8                _realloc_r
 .text._sbrk_r  0x08002104       0x20 /usr/local/gcc-arm-none-eabi-4_9-2015q3/bin/../lib/gcc/arm-none-eabi/4.9.3/../../../../arm-none-eabi/lib/armv7e-m/libg_nano.a(lib_a-sbrkr.o)
                0x08002104                _sbrk_r
 .text._malloc_usable_size_r
                0x08002124       0x14 /usr/local/gcc-arm-none-eabi-4_9-2015q3/bin/../lib/gcc/arm-none-eabi/4.9.3/../../../../arm-none-eabi/lib/armv7e-m/libg_nano.a(lib_a-nano-msizer.o)
                0x08002124                _malloc_usable_size_r
 *(.rodata .rodata.* .constdata .constdata.*)
 .rodata.APBAHBPrescTable
                0x08002138       0x10 ./system/src/stm32f4xx/stm32f4xx_hal_rcc.o
                0x08002138                APBAHBPrescTable
 .rodata.str1.4
                0x08002148      0x148 ./system/src/cortexm/exception_handlers.o
                                0x146 (size before relaxing)
 .rodata.AHBPrescTable
                0x08002290       0x10 ./system/src/cmsis/system_stm32f4xx.o
                0x08002290                AHBPrescTable
 .rodata.str1.1
                0x080022a0        0x2 /usr/local/gcc-arm-none-eabi-4_9-2015q3/bin/../lib/gcc/arm-none-eabi/4.9.3/../../../../arm-none-eabi/lib/armv7e-m/libg_nano.a(lib_a-impure.o)
 .rodata.str1.1
                0x080022a2       0x11 /usr/local/gcc-arm-none-eabi-4_9-2015q3/bin/../lib/gcc/arm-none-eabi/4.9.3/../../../../arm-none-eabi/lib/armv7e-m/libg_nano.a(lib_a-nano-svfprintf.o)
 .rodata.str1.1
                0x080022b3       0x22 /usr/local/gcc-arm-none-eabi-4_9-2015q3/bin/../lib/gcc/arm-none-eabi/4.9.3/../../../../arm-none-eabi/lib/armv7e-m/libg_nano.a(lib_a-nano-vfprintf_i.o)
 *(vtable)
 *(.eh_frame*)
 *(.glue_7)
 .glue_7        0x00000000        0x0 linker stubs
 *(.glue_7t)
 .glue_7t       0x00000000        0x0 linker stubs

.vfp11_veneer   0x080022d8        0x0
 .vfp11_veneer  0x00000000        0x0 linker stubs

.v4_bx          0x080022d8        0x0
 .v4_bx         0x00000000        0x0 linker stubs

.iplt           0x080022d8        0x0
 .iplt          0x00000000        0x0 ./system/src/stm32f4xx/stm32f4xx_hal.o

.rel.dyn        0x080022d8        0x0
 .rel.iplt      0x00000000        0x0 ./system/src/stm32f4xx/stm32f4xx_hal.o

.ARM.extab
 *(.ARM.extab* .gnu.linkonce.armextab.*)
                0x080022d8                . = ALIGN (0x4)
                0x080022d8                __exidx_start = .

.ARM.exidx
 *(.ARM.exidx* .gnu.linkonce.armexidx.*)
                0x080022d8                __exidx_end = .
                0x080022d8                . = ALIGN (0x4)
                0x080022d8                _etext = .
                0x080022d8                __etext = .

.data_CCMRAM    0x10000000        0x0 load address 0x080022d8
 FILL mask 0xff
 *(.data.CCMRAM .data.CCMRAM.*)
                0x10000000                . = ALIGN (0x4)
                0x080022d8                _sidata = LOADADDR (.data)

.data           0x20000000      0x858 load address 0x080022d8
 FILL mask 0xff
                0x20000000                _sdata = .
                0x20000000                __data_start__ = .
 *(.data_begin .data_begin.*)
 .data_begin    0x20000000        0x4 ./system/src/newlib/_startup.o
 *(.data .data.*)
 .data.argv.4161
                0x20000004        0x8 ./system/src/newlib/_syscalls.o
 .data.SystemCoreClock
                0x2000000c        0x4 ./system/src/cmsis/system_stm32f4xx.o
                0x2000000c                SystemCoreClock
 .data.mario    0x20000010      0x418 ./src/song.o
                0x20000010                mario
 .data.GameOfThrone
                0x20000428      0x3c0 ./src/song.o
                0x20000428                GameOfThrone
 .data.songs    0x200007e8        0x8 ./src/song.o
                0x200007e8                songs
 .data.impure_data
                0x200007f0       0x60 /usr/local/gcc-arm-none-eabi-4_9-2015q3/bin/../lib/gcc/arm-none-eabi/4.9.3/../../../../arm-none-eabi/lib/armv7e-m/libg_nano.a(lib_a-impure.o)
 .data._impure_ptr
                0x20000850        0x4 /usr/local/gcc-arm-none-eabi-4_9-2015q3/bin/../lib/gcc/arm-none-eabi/4.9.3/../../../../arm-none-eabi/lib/armv7e-m/libg_nano.a(lib_a-impure.o)
                0x20000850                _impure_ptr
 *(.data_end .data_end.*)
 .data_end      0x20000854        0x4 ./system/src/newlib/_startup.o
                0x20000858                . = ALIGN (0x4)
                0x20000858                _edata = .
                0x20000858                __data_end__ = .

.igot.plt       0x20000858        0x0 load address 0x08002b30
 .igot.plt      0x00000000        0x0 ./system/src/stm32f4xx/stm32f4xx_hal.o

.bss_CCMRAM     0x10000000        0x0
 *(.bss.CCMRAM .bss.CCMRAM.*)

.bss            0x20000858       0xf0
                0x20000858                __bss_start__ = .
                0x20000858                _sbss = .
 *(.bss_begin .bss_begin.*)
 .bss_begin     0x20000858        0x4 ./system/src/newlib/_startup.o
 *(.bss .bss.*)
 .bss.current_heap_end.3862
                0x2000085c        0x4 ./system/src/newlib/_sbrk.o
 .bss.name.4160
                0x20000860        0x1 ./system/src/newlib/_syscalls.o
 *fill*         0x20000861        0x3 
 .bss.buf.4998  0x20000864       0x80 ./system/src/diag/Trace.o
 .bss.__malloc_sbrk_start
                0x200008e4        0x4 /usr/local/gcc-arm-none-eabi-4_9-2015q3/bin/../lib/gcc/arm-none-eabi/4.9.3/../../../../arm-none-eabi/lib/armv7e-m/libg_nano.a(lib_a-nano-mallocr.o)
                0x200008e4                __malloc_sbrk_start
 .bss.__malloc_free_list
                0x200008e8        0x4 /usr/local/gcc-arm-none-eabi-4_9-2015q3/bin/../lib/gcc/arm-none-eabi/4.9.3/../../../../arm-none-eabi/lib/armv7e-m/libg_nano.a(lib_a-nano-mallocr.o)
                0x200008e8                __malloc_free_list
 *(COMMON)
 COMMON         0x200008ec        0x4 ./system/src/stm32f4xx/stm32f4xx_hal.o
                0x200008ec                uwTick
 COMMON         0x200008f0        0x4 ./system/src/newlib/_syscalls.o
                0x200008f0                errno
 COMMON         0x200008f4       0x50 ./src/functions.o
                0x200008f4                GPIO_InitStruct
                0x20000908                htim6
 *(.bss_end .bss_end.*)
 .bss_end       0x20000944        0x4 ./system/src/newlib/_startup.o
                0x20000948                . = ALIGN (0x4)
                0x20000948                __bss_end__ = .
                0x20000948                _ebss = .

.noinit_CCMRAM
 *(.noinit.CCMRAM .noinit.CCMRAM.*)

.noinit         0x20000948        0x0
                0x20000948                _noinit = .
 *(.noinit .noinit.*)
                0x20000948                . = ALIGN (0x4)
                0x20000948                _end_noinit = .
                0x20000948                PROVIDE (end, _end_noinit)
                0x20000948                PROVIDE (_end, _end_noinit)
                0x20000948                PROVIDE (__end, _end_noinit)
                0x20000948                PROVIDE (__end__, _end_noinit)

._check_stack   0x20000948      0x100
                0x20000a48                . = (. + _Minimum_Stack_Size)
 *fill*         0x20000948      0x100 

.b1text
 *(.b1text)
 *(.b1rodata)
 *(.b1rodata.*)

.eb0text
 *(.eb0text)
 *(.eb0rodata)
 *(.eb0rodata.*)

.eb1text
 *(.eb1text)
 *(.eb1rodata)
 *(.eb1rodata.*)

.eb2text
 *(.eb2text)
 *(.eb2rodata)
 *(.eb2rodata.*)

.eb3text
 *(.eb3text)
 *(.eb3rodata)
 *(.eb3rodata.*)

.stab
 *(.stab)

.stabstr
 *(.stabstr)

.stab.excl
 *(.stab.excl)

.stab.exclstr
 *(.stab.exclstr)

.stab.index
 *(.stab.index)

.stab.indexstr
 *(.stab.indexstr)

.comment        0x00000000       0x70
 *(.comment)
 .comment       0x00000000       0x70 ./system/src/stm32f4xx/stm32f4xx_hal.o
                                 0x71 (size before relaxing)
 .comment       0x00000000       0x71 ./system/src/stm32f4xx/stm32f4xx_hal_cortex.o
 .comment       0x00000000       0x71 ./system/src/stm32f4xx/stm32f4xx_hal_gpio.o
 .comment       0x00000000       0x71 ./system/src/stm32f4xx/stm32f4xx_hal_rcc.o
 .comment       0x00000000       0x71 ./system/src/stm32f4xx/stm32f4xx_hal_rcc_ex.o
 .comment       0x00000000       0x71 ./system/src/stm32f4xx/stm32f4xx_hal_tim.o
 .comment       0x00000000       0x71 ./system/src/stm32f4xx/stm32f4xx_hal_tim_ex.o
 .comment       0x00000000       0x71 ./system/src/newlib/_exit.o
 .comment       0x00000000       0x71 ./system/src/newlib/_sbrk.o
 .comment       0x00000000       0x71 ./system/src/newlib/_startup.o
 .comment       0x00000000       0x71 ./system/src/newlib/_syscalls.o
 .comment       0x00000000       0x71 ./system/src/diag/Trace.o
 .comment       0x00000000       0x71 ./system/src/diag/trace_impl.o
 .comment       0x00000000       0x71 ./system/src/cortexm/_initialize_hardware.o
 .comment       0x00000000       0x71 ./system/src/cortexm/exception_handlers.o
 .comment       0x00000000       0x71 ./system/src/cmsis/system_stm32f4xx.o
 .comment       0x00000000       0x71 ./src/functions.o
 .comment       0x00000000       0x71 ./src/main.o
 .comment       0x00000000       0x71 ./src/song.o
 .comment       0x00000000       0x71 ./src/stm32f4xx_it.o

.ARM.attributes
                0x00000000       0x31
 .ARM.attributes
                0x00000000       0x33 ./system/src/stm32f4xx/stm32f4xx_hal.o
 .ARM.attributes
                0x00000033       0x33 ./system/src/stm32f4xx/stm32f4xx_hal_cortex.o
 .ARM.attributes
                0x00000066       0x33 ./system/src/stm32f4xx/stm32f4xx_hal_gpio.o
 .ARM.attributes
                0x00000099       0x33 ./system/src/stm32f4xx/stm32f4xx_hal_rcc.o
 .ARM.attributes
                0x000000cc       0x33 ./system/src/stm32f4xx/stm32f4xx_hal_rcc_ex.o
 .ARM.attributes
                0x000000ff       0x33 ./system/src/stm32f4xx/stm32f4xx_hal_tim.o
 .ARM.attributes
                0x00000132       0x33 ./system/src/stm32f4xx/stm32f4xx_hal_tim_ex.o
 .ARM.attributes
                0x00000165       0x33 ./system/src/newlib/_exit.o
 .ARM.attributes
                0x00000198       0x33 ./system/src/newlib/_sbrk.o
 .ARM.attributes
                0x000001cb       0x33 ./system/src/newlib/_startup.o
 .ARM.attributes
                0x000001fe       0x33 ./system/src/newlib/_syscalls.o
 .ARM.attributes
                0x00000231       0x33 ./system/src/diag/Trace.o
 .ARM.attributes
                0x00000264       0x33 ./system/src/diag/trace_impl.o
 .ARM.attributes
                0x00000297       0x33 ./system/src/cortexm/_initialize_hardware.o
 .ARM.attributes
                0x000002ca       0x33 ./system/src/cortexm/exception_handlers.o
 .ARM.attributes
                0x000002fd       0x21 ./system/src/cmsis/startup_stm32f410rx.o
 .ARM.attributes
                0x0000031e       0x33 ./system/src/cmsis/system_stm32f4xx.o
 .ARM.attributes
                0x00000351       0x33 ./src/functions.o
 .ARM.attributes
                0x00000384       0x33 ./src/main.o
 .ARM.attributes
                0x000003b7       0x33 ./src/song.o
 .ARM.attributes
                0x000003ea       0x33 ./src/stm32f4xx_it.o
 .ARM.attributes
                0x0000041d       0x1e /usr/local/gcc-arm-none-eabi-4_9-2015q3/bin/../lib/gcc/arm-none-eabi/4.9.3/armv7e-m/libgcc.a(_arm_addsubsf3.o)
 .ARM.attributes
                0x0000043b       0x1e /usr/local/gcc-arm-none-eabi-4_9-2015q3/bin/../lib/gcc/arm-none-eabi/4.9.3/armv7e-m/libgcc.a(_arm_muldivsf3.o)
 .ARM.attributes
                0x00000459       0x1e /usr/local/gcc-arm-none-eabi-4_9-2015q3/bin/../lib/gcc/arm-none-eabi/4.9.3/armv7e-m/libgcc.a(_arm_fixsfsi.o)
 .ARM.attributes
                0x00000477       0x2e /usr/local/gcc-arm-none-eabi-4_9-2015q3/bin/../lib/gcc/arm-none-eabi/4.9.3/../../../../arm-none-eabi/lib/armv7e-m/libg_nano.a(lib_a-errno.o)
 .ARM.attributes
                0x000004a5       0x2e /usr/local/gcc-arm-none-eabi-4_9-2015q3/bin/../lib/gcc/arm-none-eabi/4.9.3/../../../../arm-none-eabi/lib/armv7e-m/libg_nano.a(lib_a-impure.o)
 .ARM.attributes
                0x000004d3       0x2e /usr/local/gcc-arm-none-eabi-4_9-2015q3/bin/../lib/gcc/arm-none-eabi/4.9.3/../../../../arm-none-eabi/lib/armv7e-m/libg_nano.a(lib_a-memcpy.o)
 .ARM.attributes
                0x00000501       0x2e /usr/local/gcc-arm-none-eabi-4_9-2015q3/bin/../lib/gcc/arm-none-eabi/4.9.3/../../../../arm-none-eabi/lib/armv7e-m/libg_nano.a(lib_a-vsnprintf.o)
 .ARM.attributes
                0x0000052f       0x2e /usr/local/gcc-arm-none-eabi-4_9-2015q3/bin/../lib/gcc/arm-none-eabi/4.9.3/../../../../arm-none-eabi/lib/armv7e-m/libg_nano.a(lib_a-nano-svfprintf.o)
 .ARM.attributes
                0x0000055d       0x2e /usr/local/gcc-arm-none-eabi-4_9-2015q3/bin/../lib/gcc/arm-none-eabi/4.9.3/../../../../arm-none-eabi/lib/armv7e-m/libg_nano.a(lib_a-nano-vfprintf_i.o)
 .ARM.attributes
                0x0000058b       0x2e /usr/local/gcc-arm-none-eabi-4_9-2015q3/bin/../lib/gcc/arm-none-eabi/4.9.3/../../../../arm-none-eabi/lib/armv7e-m/libg_nano.a(lib_a-memchr.o)
 .ARM.attributes
                0x000005b9       0x2e /usr/local/gcc-arm-none-eabi-4_9-2015q3/bin/../lib/gcc/arm-none-eabi/4.9.3/../../../../arm-none-eabi/lib/armv7e-m/libg_nano.a(lib_a-memmove.o)
 .ARM.attributes
                0x000005e7       0x2e /usr/local/gcc-arm-none-eabi-4_9-2015q3/bin/../lib/gcc/arm-none-eabi/4.9.3/../../../../arm-none-eabi/lib/armv7e-m/libg_nano.a(lib_a-nano-freer.o)
 .ARM.attributes
                0x00000615       0x2e /usr/local/gcc-arm-none-eabi-4_9-2015q3/bin/../lib/gcc/arm-none-eabi/4.9.3/../../../../arm-none-eabi/lib/armv7e-m/libg_nano.a(lib_a-nano-mallocr.o)
 .ARM.attributes
                0x00000643       0x2e /usr/local/gcc-arm-none-eabi-4_9-2015q3/bin/../lib/gcc/arm-none-eabi/4.9.3/../../../../arm-none-eabi/lib/armv7e-m/libg_nano.a(lib_a-nano-reallocr.o)
 .ARM.attributes
                0x00000671       0x2e /usr/local/gcc-arm-none-eabi-4_9-2015q3/bin/../lib/gcc/arm-none-eabi/4.9.3/../../../../arm-none-eabi/lib/armv7e-m/libg_nano.a(lib_a-sbrkr.o)
 .ARM.attributes
                0x0000069f       0x2e /usr/local/gcc-arm-none-eabi-4_9-2015q3/bin/../lib/gcc/arm-none-eabi/4.9.3/../../../../arm-none-eabi/lib/armv7e-m/libg_nano.a(lib_a-nano-msizer.o)

.debug
 *(.debug)

.line
 *(.line)

.debug_srcinfo
 *(.debug_srcinfo)

.debug_sfnames
 *(.debug_sfnames)

.debug_aranges  0x00000000      0xa40
 *(.debug_aranges)
 .debug_aranges
                0x00000000       0xc0 ./system/src/stm32f4xx/stm32f4xx_hal.o
 .debug_aranges
                0x000000c0       0x98 ./system/src/stm32f4xx/stm32f4xx_hal_cortex.o
 .debug_aranges
                0x00000158       0x58 ./system/src/stm32f4xx/stm32f4xx_hal_gpio.o
 .debug_aranges
                0x000001b0       0x88 ./system/src/stm32f4xx/stm32f4xx_hal_rcc.o
 .debug_aranges
                0x00000238       0x48 ./system/src/stm32f4xx/stm32f4xx_hal_rcc_ex.o
 .debug_aranges
                0x00000280      0x368 ./system/src/stm32f4xx/stm32f4xx_hal_tim.o
 .debug_aranges
                0x000005e8      0x140 ./system/src/stm32f4xx/stm32f4xx_hal_tim_ex.o
 .debug_aranges
                0x00000728       0x28 ./system/src/newlib/_exit.o
 .debug_aranges
                0x00000750       0x20 ./system/src/newlib/_sbrk.o
 .debug_aranges
                0x00000770       0x40 ./system/src/newlib/_startup.o
 .debug_aranges
                0x000007b0       0x30 ./system/src/newlib/_syscalls.o
 .debug_aranges
                0x000007e0       0x38 ./system/src/diag/Trace.o
 .debug_aranges
                0x00000818       0x30 ./system/src/diag/trace_impl.o
 .debug_aranges
                0x00000848       0x28 ./system/src/cortexm/_initialize_hardware.o
 .debug_aranges
                0x00000870       0x90 ./system/src/cortexm/exception_handlers.o
 .debug_aranges
                0x00000900       0x28 ./system/src/cmsis/startup_stm32f410rx.o
 .debug_aranges
                0x00000928       0x28 ./system/src/cmsis/system_stm32f4xx.o
 .debug_aranges
                0x00000950       0x48 ./src/functions.o
 .debug_aranges
                0x00000998       0x20 ./src/main.o
 .debug_aranges
                0x000009b8       0x28 ./src/song.o
 .debug_aranges
                0x000009e0       0x60 ./src/stm32f4xx_it.o

.debug_pubnames
 *(.debug_pubnames)

.debug_info     0x00000000     0xb634
 *(.debug_info .gnu.linkonce.wi.*)
 .debug_info    0x00000000      0x845 ./system/src/stm32f4xx/stm32f4xx_hal.o
 .debug_info    0x00000845      0xdcd ./system/src/stm32f4xx/stm32f4xx_hal_cortex.o
 .debug_info    0x00001612      0x702 ./system/src/stm32f4xx/stm32f4xx_hal_gpio.o
 .debug_info    0x00001d14      0xcd3 ./system/src/stm32f4xx/stm32f4xx_hal_rcc.o
 .debug_info    0x000029e7      0x8bb ./system/src/stm32f4xx/stm32f4xx_hal_rcc_ex.o
 .debug_info    0x000032a2     0x2e62 ./system/src/stm32f4xx/stm32f4xx_hal_tim.o
 .debug_info    0x00006104     0x12fe ./system/src/stm32f4xx/stm32f4xx_hal_tim_ex.o
 .debug_info    0x00007402      0x100 ./system/src/newlib/_exit.o
 .debug_info    0x00007502      0x125 ./system/src/newlib/_sbrk.o
 .debug_info    0x00007627      0x474 ./system/src/newlib/_startup.o
 .debug_info    0x00007a9b      0x1bc ./system/src/newlib/_syscalls.o
 .debug_info    0x00007c57      0x32b ./system/src/diag/Trace.o
 .debug_info    0x00007f82      0x304 ./system/src/diag/trace_impl.o
 .debug_info    0x00008286      0x294 ./system/src/cortexm/_initialize_hardware.o
 .debug_info    0x0000851a      0x8f2 ./system/src/cortexm/exception_handlers.o
 .debug_info    0x00008e0c       0x7d ./system/src/cmsis/startup_stm32f410rx.o
 .debug_info    0x00008e89      0x46a ./system/src/cmsis/system_stm32f4xx.o
 .debug_info    0x000092f3      0xc69 ./src/functions.o
 .debug_info    0x00009f5c      0x69e ./src/main.o
 .debug_info    0x0000a5fa      0x9b8 ./src/song.o
 .debug_info    0x0000afb2      0x682 ./src/stm32f4xx_it.o

.debug_abbrev   0x00000000     0x2398
 *(.debug_abbrev)
 .debug_abbrev  0x00000000      0x286 ./system/src/stm32f4xx/stm32f4xx_hal.o
 .debug_abbrev  0x00000286      0x2cf ./system/src/stm32f4xx/stm32f4xx_hal_cortex.o
 .debug_abbrev  0x00000555      0x1cb ./system/src/stm32f4xx/stm32f4xx_hal_gpio.o
 .debug_abbrev  0x00000720      0x30b ./system/src/stm32f4xx/stm32f4xx_hal_rcc.o
 .debug_abbrev  0x00000a2b      0x236 ./system/src/stm32f4xx/stm32f4xx_hal_rcc_ex.o
 .debug_abbrev  0x00000c61      0x24e ./system/src/stm32f4xx/stm32f4xx_hal_tim.o
 .debug_abbrev  0x00000eaf      0x23b ./system/src/stm32f4xx/stm32f4xx_hal_tim_ex.o
 .debug_abbrev  0x000010ea       0xa4 ./system/src/newlib/_exit.o
 .debug_abbrev  0x0000118e       0xbb ./system/src/newlib/_sbrk.o
 .debug_abbrev  0x00001249      0x1e9 ./system/src/newlib/_startup.o
 .debug_abbrev  0x00001432       0xee ./system/src/newlib/_syscalls.o
 .debug_abbrev  0x00001520      0x178 ./system/src/diag/Trace.o
 .debug_abbrev  0x00001698      0x1bd ./system/src/diag/trace_impl.o
 .debug_abbrev  0x00001855       0xea ./system/src/cortexm/_initialize_hardware.o
 .debug_abbrev  0x0000193f      0x23e ./system/src/cortexm/exception_handlers.o
 .debug_abbrev  0x00001b7d       0x12 ./system/src/cmsis/startup_stm32f410rx.o
 .debug_abbrev  0x00001b8f      0x104 ./system/src/cmsis/system_stm32f4xx.o
 .debug_abbrev  0x00001c93      0x1f5 ./src/functions.o
 .debug_abbrev  0x00001e88      0x1aa ./src/main.o
 .debug_abbrev  0x00002032      0x1ee ./src/song.o
 .debug_abbrev  0x00002220      0x178 ./src/stm32f4xx_it.o

.debug_line     0x00000000     0x7a10
 *(.debug_line)
 .debug_line    0x00000000      0x74f ./system/src/stm32f4xx/stm32f4xx_hal.o
 .debug_line    0x0000074f      0x78c ./system/src/stm32f4xx/stm32f4xx_hal_cortex.o
 .debug_line    0x00000edb      0x709 ./system/src/stm32f4xx/stm32f4xx_hal_gpio.o
 .debug_line    0x000015e4      0x8b4 ./system/src/stm32f4xx/stm32f4xx_hal_rcc.o
 .debug_line    0x00001e98      0x7e3 ./system/src/stm32f4xx/stm32f4xx_hal_rcc_ex.o
 .debug_line    0x0000267b     0x1445 ./system/src/stm32f4xx/stm32f4xx_hal_tim.o
 .debug_line    0x00003ac0      0xb87 ./system/src/stm32f4xx/stm32f4xx_hal_tim_ex.o
 .debug_line    0x00004647      0x28a ./system/src/newlib/_exit.o
 .debug_line    0x000048d1      0x238 ./system/src/newlib/_sbrk.o
 .debug_line    0x00004b09      0x2f6 ./system/src/newlib/_startup.o
 .debug_line    0x00004dff      0x355 ./system/src/newlib/_syscalls.o
 .debug_line    0x00005154      0x2e5 ./system/src/diag/Trace.o
 .debug_line    0x00005439      0x392 ./system/src/diag/trace_impl.o
 .debug_line    0x000057cb      0x188 ./system/src/cortexm/_initialize_hardware.o
 .debug_line    0x00005953      0x44c ./system/src/cortexm/exception_handlers.o
 .debug_line    0x00005d9f       0x88 ./system/src/cmsis/startup_stm32f410rx.o
 .debug_line    0x00005e27      0x188 ./system/src/cmsis/system_stm32f4xx.o
 .debug_line    0x00005faf      0x6b3 ./src/functions.o
 .debug_line    0x00006662      0x62f ./src/main.o
 .debug_line    0x00006c91      0x6a8 ./src/song.o
 .debug_line    0x00007339      0x6d7 ./src/stm32f4xx_it.o

.debug_frame    0x00000000     0x1b48
 *(.debug_frame)
 .debug_frame   0x00000000      0x188 ./system/src/stm32f4xx/stm32f4xx_hal.o
 .debug_frame   0x00000188      0x138 ./system/src/stm32f4xx/stm32f4xx_hal_cortex.o
 .debug_frame   0x000002c0       0xc8 ./system/src/stm32f4xx/stm32f4xx_hal_gpio.o
 .debug_frame   0x00000388      0x13c ./system/src/stm32f4xx/stm32f4xx_hal_rcc.o
 .debug_frame   0x000004c4       0x94 ./system/src/stm32f4xx/stm32f4xx_hal_rcc_ex.o
 .debug_frame   0x00000558      0x9c4 ./system/src/stm32f4xx/stm32f4xx_hal_tim.o
 .debug_frame   0x00000f1c      0x3c8 ./system/src/stm32f4xx/stm32f4xx_hal_tim_ex.o
 .debug_frame   0x000012e4       0x38 ./system/src/newlib/_exit.o
 .debug_frame   0x0000131c       0x28 ./system/src/newlib/_sbrk.o
 .debug_frame   0x00001344       0x7c ./system/src/newlib/_startup.o
 .debug_frame   0x000013c0       0x50 ./system/src/newlib/_syscalls.o
 .debug_frame   0x00001410       0x94 ./system/src/diag/Trace.o
 .debug_frame   0x000014a4       0x60 ./system/src/diag/trace_impl.o
 .debug_frame   0x00001504       0x40 ./system/src/cortexm/_initialize_hardware.o
 .debug_frame   0x00001544      0x158 ./system/src/cortexm/exception_handlers.o
 .debug_frame   0x0000169c       0x30 ./system/src/cmsis/system_stm32f4xx.o
 .debug_frame   0x000016cc       0xb0 ./src/functions.o
 .debug_frame   0x0000177c       0x28 ./src/main.o
 .debug_frame   0x000017a4       0x50 ./src/song.o
 .debug_frame   0x000017f4       0xa8 ./src/stm32f4xx_it.o
 .debug_frame   0x0000189c       0x20 /usr/local/gcc-arm-none-eabi-4_9-2015q3/bin/../lib/gcc/arm-none-eabi/4.9.3/../../../../arm-none-eabi/lib/armv7e-m/libg_nano.a(lib_a-errno.o)
 .debug_frame   0x000018bc       0x28 /usr/local/gcc-arm-none-eabi-4_9-2015q3/bin/../lib/gcc/arm-none-eabi/4.9.3/../../../../arm-none-eabi/lib/armv7e-m/libg_nano.a(lib_a-memcpy.o)
 .debug_frame   0x000018e4       0x50 /usr/local/gcc-arm-none-eabi-4_9-2015q3/bin/../lib/gcc/arm-none-eabi/4.9.3/../../../../arm-none-eabi/lib/armv7e-m/libg_nano.a(lib_a-vsnprintf.o)
 .debug_frame   0x00001934       0x8c /usr/local/gcc-arm-none-eabi-4_9-2015q3/bin/../lib/gcc/arm-none-eabi/4.9.3/../../../../arm-none-eabi/lib/armv7e-m/libg_nano.a(lib_a-nano-svfprintf.o)
 .debug_frame   0x000019c0       0x58 /usr/local/gcc-arm-none-eabi-4_9-2015q3/bin/../lib/gcc/arm-none-eabi/4.9.3/../../../../arm-none-eabi/lib/armv7e-m/libg_nano.a(lib_a-nano-vfprintf_i.o)
 .debug_frame   0x00001a18       0x28 /usr/local/gcc-arm-none-eabi-4_9-2015q3/bin/../lib/gcc/arm-none-eabi/4.9.3/../../../../arm-none-eabi/lib/armv7e-m/libg_nano.a(lib_a-memchr.o)
 .debug_frame   0x00001a40       0x28 /usr/local/gcc-arm-none-eabi-4_9-2015q3/bin/../lib/gcc/arm-none-eabi/4.9.3/../../../../arm-none-eabi/lib/armv7e-m/libg_nano.a(lib_a-memmove.o)
 .debug_frame   0x00001a68       0x2c /usr/local/gcc-arm-none-eabi-4_9-2015q3/bin/../lib/gcc/arm-none-eabi/4.9.3/../../../../arm-none-eabi/lib/armv7e-m/libg_nano.a(lib_a-nano-freer.o)
 .debug_frame   0x00001a94       0x2c /usr/local/gcc-arm-none-eabi-4_9-2015q3/bin/../lib/gcc/arm-none-eabi/4.9.3/../../../../arm-none-eabi/lib/armv7e-m/libg_nano.a(lib_a-nano-mallocr.o)
 .debug_frame   0x00001ac0       0x3c /usr/local/gcc-arm-none-eabi-4_9-2015q3/bin/../lib/gcc/arm-none-eabi/4.9.3/../../../../arm-none-eabi/lib/armv7e-m/libg_nano.a(lib_a-nano-reallocr.o)
 .debug_frame   0x00001afc       0x2c /usr/local/gcc-arm-none-eabi-4_9-2015q3/bin/../lib/gcc/arm-none-eabi/4.9.3/../../../../arm-none-eabi/lib/armv7e-m/libg_nano.a(lib_a-sbrkr.o)
 .debug_frame   0x00001b28       0x20 /usr/local/gcc-arm-none-eabi-4_9-2015q3/bin/../lib/gcc/arm-none-eabi/4.9.3/../../../../arm-none-eabi/lib/armv7e-m/libg_nano.a(lib_a-nano-msizer.o)

.debug_str      0x00000000    0x5dd0e
 *(.debug_str)
 .debug_str     0x00000000    0x57d20 ./system/src/stm32f4xx/stm32f4xx_hal.o
                              0x58132 (size before relaxing)
 .debug_str     0x00057d20      0x370 ./system/src/stm32f4xx/stm32f4xx_hal_cortex.o
                              0x57fa4 (size before relaxing)
 .debug_str     0x00058090      0x2e6 ./system/src/stm32f4xx/stm32f4xx_hal_gpio.o
                              0x57b34 (size before relaxing)
 .debug_str     0x00058376      0x396 ./system/src/stm32f4xx/stm32f4xx_hal_rcc.o
                              0x57cd1 (size before relaxing)
 .debug_str     0x0005870c      0x12a ./system/src/stm32f4xx/stm32f4xx_hal_rcc_ex.o
                              0x57a8a (size before relaxing)
 .debug_str     0x00058836     0x10b4 ./system/src/stm32f4xx/stm32f4xx_hal_tim.o
                              0x588e9 (size before relaxing)
 .debug_str     0x000598ea      0x4e0 ./system/src/stm32f4xx/stm32f4xx_hal_tim_ex.o
                              0x581a1 (size before relaxing)
 .debug_str     0x00059dca     0x1090 ./system/src/newlib/_exit.o
                               0x5fd9 (size before relaxing)
 .debug_str     0x0005ae5a      0x4de ./system/src/newlib/_sbrk.o
                               0x53ea (size before relaxing)
 .debug_str     0x0005b338      0x266 ./system/src/newlib/_startup.o
                               0x4fc2 (size before relaxing)
 .debug_str     0x0005b59e     0x11be ./system/src/newlib/_syscalls.o
                               0x65ea (size before relaxing)
 .debug_str     0x0005c75c      0x191 ./system/src/diag/Trace.o
                               0x68fa (size before relaxing)
 .debug_str     0x0005c8ed      0x364 ./system/src/diag/trace_impl.o
                              0x1cf88 (size before relaxing)
 .debug_str     0x0005cc51       0x5e ./system/src/cortexm/_initialize_hardware.o
                              0x19fc5 (size before relaxing)
 .debug_str     0x0005ccaf      0x19d ./system/src/cortexm/exception_handlers.o
                              0x1dd26 (size before relaxing)
 .debug_str     0x0005ce4c       0x65 ./system/src/cmsis/system_stm32f4xx.o
                              0x1a0d3 (size before relaxing)
 .debug_str     0x0005ceb1      0xdae ./src/functions.o
                              0x59be0 (size before relaxing)
 .debug_str     0x0005dc5f       0x17 ./src/main.o
                              0x5988f (size before relaxing)
 .debug_str     0x0005dc76       0x70 ./src/song.o
                              0x59941 (size before relaxing)
 .debug_str     0x0005dce6       0x28 ./src/stm32f4xx_it.o
                              0x598cc (size before relaxing)

.debug_loc      0x00000000     0x5ebf
 *(.debug_loc)
 .debug_loc     0x00000000       0x90 ./system/src/stm32f4xx/stm32f4xx_hal.o
 .debug_loc     0x00000090      0x4cd ./system/src/stm32f4xx/stm32f4xx_hal_cortex.o
 .debug_loc     0x0000055d      0x383 ./system/src/stm32f4xx/stm32f4xx_hal_gpio.o
 .debug_loc     0x000008e0      0x6c1 ./system/src/stm32f4xx/stm32f4xx_hal_rcc.o
 .debug_loc     0x00000fa1      0x43b ./system/src/stm32f4xx/stm32f4xx_hal_rcc_ex.o
 .debug_loc     0x000013dc     0x335e ./system/src/stm32f4xx/stm32f4xx_hal_tim.o
 .debug_loc     0x0000473a      0xc47 ./system/src/stm32f4xx/stm32f4xx_hal_tim_ex.o
 .debug_loc     0x00005381       0x82 ./system/src/newlib/_sbrk.o
 .debug_loc     0x00005403      0x265 ./system/src/newlib/_startup.o
 .debug_loc     0x00005668       0x63 ./system/src/newlib/_syscalls.o
 .debug_loc     0x000056cb       0xf7 ./system/src/diag/Trace.o
 .debug_loc     0x000057c2      0x17c ./system/src/diag/trace_impl.o
 .debug_loc     0x0000593e      0x2a8 ./system/src/cortexm/exception_handlers.o
 .debug_loc     0x00005be6      0x137 ./system/src/cmsis/system_stm32f4xx.o
 .debug_loc     0x00005d1d      0x1a2 ./src/song.o

.debug_macinfo
 *(.debug_macinfo)

.debug_weaknames
 *(.debug_weaknames)

.debug_funcnames
 *(.debug_funcnames)

.debug_typenames
 *(.debug_typenames)

.debug_varnames
 *(.debug_varnames)
OUTPUT(STM32F410_FloppyMusic.elf elf32-littlearm)

.debug_ranges   0x00000000      0x940
 .debug_ranges  0x00000000       0xb0 ./system/src/stm32f4xx/stm32f4xx_hal.o
 .debug_ranges  0x000000b0       0x88 ./system/src/stm32f4xx/stm32f4xx_hal_cortex.o
 .debug_ranges  0x00000138       0x48 ./system/src/stm32f4xx/stm32f4xx_hal_gpio.o
 .debug_ranges  0x00000180       0x78 ./system/src/stm32f4xx/stm32f4xx_hal_rcc.o
 .debug_ranges  0x000001f8       0x38 ./system/src/stm32f4xx/stm32f4xx_hal_rcc_ex.o
 .debug_ranges  0x00000230      0x358 ./system/src/stm32f4xx/stm32f4xx_hal_tim.o
 .debug_ranges  0x00000588      0x130 ./system/src/stm32f4xx/stm32f4xx_hal_tim_ex.o
 .debug_ranges  0x000006b8       0x18 ./system/src/newlib/_exit.o
 .debug_ranges  0x000006d0       0x10 ./system/src/newlib/_sbrk.o
 .debug_ranges  0x000006e0       0x48 ./system/src/newlib/_startup.o
 .debug_ranges  0x00000728       0x20 ./system/src/newlib/_syscalls.o
 .debug_ranges  0x00000748       0x28 ./system/src/diag/Trace.o
 .debug_ranges  0x00000770       0x38 ./system/src/diag/trace_impl.o
 .debug_ranges  0x000007a8       0x18 ./system/src/cortexm/_initialize_hardware.o
 .debug_ranges  0x000007c0       0x98 ./system/src/cortexm/exception_handlers.o
 .debug_ranges  0x00000858       0x20 ./system/src/cmsis/startup_stm32f410rx.o
 .debug_ranges  0x00000878       0x18 ./system/src/cmsis/system_stm32f4xx.o
 .debug_ranges  0x00000890       0x38 ./src/functions.o
 .debug_ranges  0x000008c8       0x10 ./src/main.o
 .debug_ranges  0x000008d8       0x18 ./src/song.o
 .debug_ranges  0x000008f0       0x50 ./src/stm32f4xx_it.o

.debug_macro    0x00000000    0x10b96
 .debug_macro   0x00000000      0x314 ./system/src/stm32f4xx/stm32f4xx_hal.o
 .debug_macro   0x00000314      0x886 ./system/src/stm32f4xx/stm32f4xx_hal.o
 .debug_macro   0x00000b9a      0x1d4 ./system/src/stm32f4xx/stm32f4xx_hal.o
 .debug_macro   0x00000d6e       0x31 ./system/src/stm32f4xx/stm32f4xx_hal.o
 .debug_macro   0x00000d9f       0x28 ./system/src/stm32f4xx/stm32f4xx_hal.o
 .debug_macro   0x00000dc7      0x34e ./system/src/stm32f4xx/stm32f4xx_hal.o
 .debug_macro   0x00001115       0x35 ./system/src/stm32f4xx/stm32f4xx_hal.o
 .debug_macro   0x0000114a       0x50 ./system/src/stm32f4xx/stm32f4xx_hal.o
 .debug_macro   0x0000119a      0xe66 ./system/src/stm32f4xx/stm32f4xx_hal.o
 .debug_macro   0x00002000     0x4230 ./system/src/stm32f4xx/stm32f4xx_hal.o
 .debug_macro   0x00006230       0x43 ./system/src/stm32f4xx/stm32f4xx_hal.o
 .debug_macro   0x00006273     0x347f ./system/src/stm32f4xx/stm32f4xx_hal.o
 .debug_macro   0x000096f2       0x58 ./system/src/stm32f4xx/stm32f4xx_hal.o
 .debug_macro   0x0000974a       0x22 ./system/src/stm32f4xx/stm32f4xx_hal.o
 .debug_macro   0x0000976c       0x35 ./system/src/stm32f4xx/stm32f4xx_hal.o
 .debug_macro   0x000097a1       0x9c ./system/src/stm32f4xx/stm32f4xx_hal.o
 .debug_macro   0x0000983d       0x16 ./system/src/stm32f4xx/stm32f4xx_hal.o
 .debug_macro   0x00009853       0x4a ./system/src/stm32f4xx/stm32f4xx_hal.o
 .debug_macro   0x0000989d       0x97 ./system/src/stm32f4xx/stm32f4xx_hal.o
 .debug_macro   0x00009934      0x27a ./system/src/stm32f4xx/stm32f4xx_hal.o
 .debug_macro   0x00009bae       0xf6 ./system/src/stm32f4xx/stm32f4xx_hal.o
 .debug_macro   0x00009ca4       0x10 ./system/src/stm32f4xx/stm32f4xx_hal.o
 .debug_macro   0x00009cb4       0x52 ./system/src/stm32f4xx/stm32f4xx_hal.o
 .debug_macro   0x00009d06       0x16 ./system/src/stm32f4xx/stm32f4xx_hal.o
 .debug_macro   0x00009d1c       0x43 ./system/src/stm32f4xx/stm32f4xx_hal.o
 .debug_macro   0x00009d5f      0x180 ./system/src/stm32f4xx/stm32f4xx_hal.o
 .debug_macro   0x00009edf       0x10 ./system/src/stm32f4xx/stm32f4xx_hal.o
 .debug_macro   0x00009eef       0x22 ./system/src/stm32f4xx/stm32f4xx_hal.o
 .debug_macro   0x00009f11       0x22 ./system/src/stm32f4xx/stm32f4xx_hal.o
 .debug_macro   0x00009f33       0xbe ./system/src/stm32f4xx/stm32f4xx_hal.o
 .debug_macro   0x00009ff1       0x16 ./system/src/stm32f4xx/stm32f4xx_hal.o
 .debug_macro   0x0000a007      0x197 ./system/src/stm32f4xx/stm32f4xx_hal.o
 .debug_macro   0x0000a19e       0x57 ./system/src/stm32f4xx/stm32f4xx_hal.o
 .debug_macro   0x0000a1f5      0x391 ./system/src/stm32f4xx/stm32f4xx_hal.o
 .debug_macro   0x0000a586      0x9e1 ./system/src/stm32f4xx/stm32f4xx_hal.o
 .debug_macro   0x0000af67      0x11e ./system/src/stm32f4xx/stm32f4xx_hal.o
 .debug_macro   0x0000b085       0xc0 ./system/src/stm32f4xx/stm32f4xx_hal.o
 .debug_macro   0x0000b145       0x27 ./system/src/stm32f4xx/stm32f4xx_hal.o
 .debug_macro   0x0000b16c      0x287 ./system/src/stm32f4xx/stm32f4xx_hal.o
 .debug_macro   0x0000b3f3       0x5f ./system/src/stm32f4xx/stm32f4xx_hal.o
 .debug_macro   0x0000b452      0x23a ./system/src/stm32f4xx/stm32f4xx_hal.o
 .debug_macro   0x0000b68c      0x391 ./system/src/stm32f4xx/stm32f4xx_hal.o
 .debug_macro   0x0000ba1d      0x16f ./system/src/stm32f4xx/stm32f4xx_hal.o
 .debug_macro   0x0000bb8c       0xf9 ./system/src/stm32f4xx/stm32f4xx_hal.o
 .debug_macro   0x0000bc85      0x13a ./system/src/stm32f4xx/stm32f4xx_hal.o
 .debug_macro   0x0000bdbf      0x225 ./system/src/stm32f4xx/stm32f4xx_hal.o
 .debug_macro   0x0000bfe4       0x2e ./system/src/stm32f4xx/stm32f4xx_hal.o
 .debug_macro   0x0000c012      0x11e ./system/src/stm32f4xx/stm32f4xx_hal.o
 .debug_macro   0x0000c130       0x91 ./system/src/stm32f4xx/stm32f4xx_hal.o
 .debug_macro   0x0000c1c1       0x89 ./system/src/stm32f4xx/stm32f4xx_hal.o
 .debug_macro   0x0000c24a      0x202 ./system/src/stm32f4xx/stm32f4xx_hal.o
 .debug_macro   0x0000c44c      0x6d9 ./system/src/stm32f4xx/stm32f4xx_hal.o
 .debug_macro   0x0000cb25       0x77 ./system/src/stm32f4xx/stm32f4xx_hal.o
 .debug_macro   0x0000cb9c      0x14d ./system/src/stm32f4xx/stm32f4xx_hal.o
 .debug_macro   0x0000cce9      0x287 ./system/src/stm32f4xx/stm32f4xx_hal.o
 .debug_macro   0x0000cf70      0x202 ./system/src/stm32f4xx/stm32f4xx_hal.o
 .debug_macro   0x0000d172       0x34 ./system/src/stm32f4xx/stm32f4xx_hal.o
 .debug_macro   0x0000d1a6       0x90 ./system/src/stm32f4xx/stm32f4xx_hal.o
 .debug_macro   0x0000d236      0x12c ./system/src/stm32f4xx/stm32f4xx_hal.o
 .debug_macro   0x0000d362      0x2c6 ./system/src/stm32f4xx/stm32f4xx_hal_cortex.o
 .debug_macro   0x0000d628      0x2fe ./system/src/stm32f4xx/stm32f4xx_hal_gpio.o
 .debug_macro   0x0000d926      0x2f0 ./system/src/stm32f4xx/stm32f4xx_hal_rcc.o
 .debug_macro   0x0000dc16      0x2c6 ./system/src/stm32f4xx/stm32f4xx_hal_rcc_ex.o
 .debug_macro   0x0000dedc      0x2c7 ./system/src/stm32f4xx/stm32f4xx_hal_tim.o
 .debug_macro   0x0000e1a3      0x2c6 ./system/src/stm32f4xx/stm32f4xx_hal_tim_ex.o
 .debug_macro   0x0000e469      0x131 ./system/src/newlib/_exit.o
 .debug_macro   0x0000e59a      0x10e ./system/src/newlib/_exit.o
 .debug_macro   0x0000e6a8       0x86 ./system/src/newlib/_exit.o
 .debug_macro   0x0000e72e       0x35 ./system/src/newlib/_exit.o
 .debug_macro   0x0000e763       0xed ./system/src/newlib/_sbrk.o
 .debug_macro   0x0000e850      0x16d ./system/src/newlib/_sbrk.o
 .debug_macro   0x0000e9bd       0x10 ./system/src/newlib/_sbrk.o
 .debug_macro   0x0000e9cd      0x23b ./system/src/newlib/_sbrk.o
 .debug_macro   0x0000ec08       0xf7 ./system/src/newlib/_startup.o
 .debug_macro   0x0000ecff      0x1ad ./system/src/newlib/_syscalls.o
 .debug_macro   0x0000eeac       0x1c ./system/src/newlib/_syscalls.o
 .debug_macro   0x0000eec8       0x10 ./system/src/newlib/_syscalls.o
 .debug_macro   0x0000eed8       0x10 ./system/src/newlib/_syscalls.o
 .debug_macro   0x0000eee8       0x10 ./system/src/newlib/_syscalls.o
 .debug_macro   0x0000eef8       0x10 ./system/src/newlib/_syscalls.o
 .debug_macro   0x0000ef08       0x35 ./system/src/newlib/_syscalls.o
 .debug_macro   0x0000ef3d      0x122 ./system/src/newlib/_syscalls.o
 .debug_macro   0x0000f05f       0x2e ./system/src/newlib/_syscalls.o
 .debug_macro   0x0000f08d       0x82 ./system/src/newlib/_syscalls.o
 .debug_macro   0x0000f10f       0x2b ./system/src/newlib/_syscalls.o
 .debug_macro   0x0000f13a      0x118 ./system/src/newlib/_syscalls.o
 .debug_macro   0x0000f252      0x159 ./system/src/newlib/_syscalls.o
 .debug_macro   0x0000f3ab       0x16 ./system/src/newlib/_syscalls.o
 .debug_macro   0x0000f3c1      0x15e ./system/src/diag/Trace.o
 .debug_macro   0x0000f51f       0x52 ./system/src/diag/Trace.o
 .debug_macro   0x0000f571       0x16 ./system/src/diag/Trace.o
 .debug_macro   0x0000f587      0x188 ./system/src/diag/trace_impl.o
 .debug_macro   0x0000f70f       0x10 ./system/src/diag/trace_impl.o
 .debug_macro   0x0000f71f       0xc8 ./system/src/diag/trace_impl.o
 .debug_macro   0x0000f7e7       0x19 ./system/src/diag/trace_impl.o
 .debug_macro   0x0000f800       0xbe ./system/src/diag/trace_impl.o
 .debug_macro   0x0000f8be       0x22 ./system/src/diag/trace_impl.o
 .debug_macro   0x0000f8e0       0x95 ./system/src/cortexm/_initialize_hardware.o
 .debug_macro   0x0000f975      0x1be ./system/src/cortexm/exception_handlers.o
 .debug_macro   0x0000fb33       0x3b ./system/src/cortexm/exception_handlers.o
 .debug_macro   0x0000fb6e       0x10 ./system/src/cortexm/exception_handlers.o
 .debug_macro   0x0000fb7e       0x9d ./system/src/cmsis/system_stm32f4xx.o
 .debug_macro   0x0000fc1b      0x320 ./src/functions.o
 .debug_macro   0x0000ff3b      0x1c1 ./src/functions.o
 .debug_macro   0x000100fc       0x22 ./src/functions.o
 .debug_macro   0x0001011e      0x100 ./src/functions.o
 .debug_macro   0x0001021e      0x320 ./src/main.o
 .debug_macro   0x0001053e      0x32e ./src/song.o
 .debug_macro   0x0001086c      0x32a ./src/stm32f4xx_it.o
